Microchip MPLAB XC8 Compiler V1.40 ()

Linker command line:

-W-3 --edf=/opt/microchip/xc8/v1.40/dat/en_msgs.txt -cs \
  -h+dist/default/production/LedController.X.production.sym \
  --cmf=dist/default/production/LedController.X.production.cmf -z -Q18F2550 \
  -o/tmp/xcXSCXsAC -Mdist/default/production/LedController.X.production.map \
  -E1 -ver=XC8 -ASTACK=013Fh-07ffh -pstack=STACK -ACODE=00h-07FFFh \
  -ACONST=00h-07FFFh -ASMALLCONST=0800h-08FFhx120 \
  -AMEDIUMCONST=0800h-07FFFh -ACOMRAM=01h-05Fh -AABS1=00h-07FFh \
  -ABIGRAM=01h-07FFh -ARAM=060h-0FFh,0100h-01FFhx7 -ABANK0=060h-0FFh \
  -ABANK1=0100h-01FFh -ABANK2=0200h-02FFh -ABANK3=0300h-03FFh \
  -ABANK4=0400h-04FFh -ABANK5=0500h-05FFh -ABANK6=0600h-06FFh \
  -ABANK7=0700h-07FFh -ASFR=0F60h-0FFFh \
  -preset_vec=00h,intcode=08h,intcodelo=018h,powerup,init -pramtop=0800h \
  -psmallconst=SMALLCONST -pmediumconst=MEDIUMCONST -pconst=CONST \
  -AFARRAM=00h-00h -ACONFIG=0300000h-030000Dh -pconfig=CONFIG \
  -AIDLOC=0200000h-0200007h -pidloc=IDLOC -AEEDATA=0F00000h-0F000FFh \
  -peeprom_data=EEDATA \
  -prdata=COMRAM,nvrram=COMRAM,nvbit=COMRAM,rbss=COMRAM,rbit=COMRAM \
  -pfarbss=FARRAM,fardata=FARRAM,nvFARRAM=FARRAM \
  -pintsave_regs=BIGRAM,bigbss=BIGRAM,bigdata=BIGRAM -pbss=RAM \
  -pidata=CODE,irdata=CODE,ibigdata=CODE,ifardata=CODE -prparam=COMRAM \
  /tmp/xcXRtz2AI.obj dist/default/production/LedController.X.production.obj 

Object code version is 3.11

Machine type is 18F2550

Call graph: (short form)




                Name                               Link     Load   Length Selector   Space Scale
/tmp/xcXRtz2AI.obj
                init                                 B4       B4        4        C       0
                reset_vec                             0        0        4        0       0
                idloc                            200000   200000        8   200000       0
                config                           300000   300000        E   300000       0
dist/default/production/LedController.X.production.obj
                intcodelo                            18       18       9C        C       0
                intcode                               8        8        6        4       0
                temp                                 46       46        1        1       1
                smallconst                          800      800       68      400       0
                text55                             201E     201E       2C      434       0
                text54                             20E0     20E0       22      434       0
                text53                             1A30     1A30       7C      434       0
                text52                             174C     174C       A8      434       0
                text51                             19B4     19B4       7C      434       0
                text50                             14F6     14F6       D8      434       0
                text49                             1AAC     1AAC       7A      434       0
                text48                             1C0C     1C0C       6E      434       0
                intcode_body                       192C     192C       88      434       0
                text46                             1F18     1F18       52      434       0
                text45                             1E64     1E64       5C      434       0
                text44                             2102     2102       20      434       0
                text43                             216E     216E       12      434       0
                text42                             21BA     21BA        A      434       0
                text41                             1094     1094      268      434       0
                text40                             1B9E     1B9E       6E      434       0
                text39                              B84      B84      2A6      434       0
                text38                             204A     204A       2A      434       0
                text36                             21EE     21EE        6      434       0
                text35                             1F6A     1F6A       4A      434       0
                text34                             1E08     1E08       5C      434       0
                text33                             21E8     21E8        6      434       0
                text32                             21E2     21E2        6      434       0
                text31                             21DC     21DC        6      434       0
                text30                             21D6     21D6        6      434       0
                text29                             21D0     21D0        6      434       0
                text28                             21F8     21F8        4      434       0
                text27                             21F4     21F4        4      434       0
                text26                             21B0     21B0        A      434       0
                text25                             21A6     21A6        A      434       0
                text24                             1FEE     1FEE       30      434       0
                text23                             209A     209A       24      434       0
                text22                             2140     2140       1A      434       0
                text21                             21CA     21CA        6      434       0
                text20                             21C4     21C4        6      434       0
                text19                             1B26     1B26       78      434       0
                text18                             1D48     1D48       62      434       0
                text17                             2074     2074       26      434       0
                text16                             215A     215A       14      434       0
                text15                             218E     218E        E      434       0
                text14                              E2A      E2A      26A      434       0
                text13                             1416     1416       E0      434       0
                text12                             1DAA     1DAA       5E      434       0
                text11                             1EC0     1EC0       58      434       0
                text10                              868      868      31C      434       0
                text9                              2122     2122       1E      434       0
                text8                              20BE     20BE       22      434       0
                text7                              2180     2180        E      434       0
                text6                              17F4     17F4       A0      434       0
                text5                              1FB4     1FB4       3A      434       0
                text4                              12FC     12FC      11A      434       0
                text3                              16A2     16A2       AA      434       0
                text2                              15CE     15CE       D4      434       0
                text1                              1CE4     1CE4       64      434       0
                text0                              1894     1894       98      434       0
                cstackCOMRAM                          1        1       23        1       1
                cstackBANK0                          60       60       4F       60       1
                bssBANK1                            100      100       3F      100       1
                dataBANK0                            D5       D5        2       60       1
                bssBANK0                             AF       AF       23       60       1
                dataCOMRAM                           3C       3C        A        1       1
                bssCOMRAM                            24       24       18        1       1
                cinit                              1C7A     1C7A       6A      434       0
                nvBANK0                              D2       D2        3       60       1
                idataBANK0                         21FC     21FC        2      434       0
                idataCOMRAM                        219C     219C        A      434       0

TOTAL           Name                               Link     Load   Length     Space
        CLASS   STACK          

        CLASS   CODE           
                intcodelo                            18       18       9C         0
                intcode                               8        8        6         0
                init                                 B4       B4        4         0
                reset_vec                             0        0        4         0
                text55                             201E     201E       2C         0
                text54                             20E0     20E0       22         0
                text53                             1A30     1A30       7C         0
                text52                             174C     174C       A8         0
                text51                             19B4     19B4       7C         0
                text50                             14F6     14F6       D8         0
                text49                             1AAC     1AAC       7A         0
                text48                             1C0C     1C0C       6E         0
                intcode_body                       192C     192C       88         0
                text46                             1F18     1F18       52         0
                text45                             1E64     1E64       5C         0
                text44                             2102     2102       20         0
                text43                             216E     216E       12         0
                text42                             21BA     21BA        A         0
                text41                             1094     1094      268         0
                text40                             1B9E     1B9E       6E         0
                text39                              B84      B84      2A6         0
                text38                             204A     204A       2A         0
                text36                             21EE     21EE        6         0
                text35                             1F6A     1F6A       4A         0
                text34                             1E08     1E08       5C         0
                text33                             21E8     21E8        6         0
                text32                             21E2     21E2        6         0
                text31                             21DC     21DC        6         0
                text30                             21D6     21D6        6         0
                text29                             21D0     21D0        6         0
                text28                             21F8     21F8        4         0
                text27                             21F4     21F4        4         0
                text26                             21B0     21B0        A         0
                text25                             21A6     21A6        A         0
                text24                             1FEE     1FEE       30         0
                text23                             209A     209A       24         0
                text22                             2140     2140       1A         0
                text21                             21CA     21CA        6         0
                text20                             21C4     21C4        6         0
                text19                             1B26     1B26       78         0
                text18                             1D48     1D48       62         0
                text17                             2074     2074       26         0
                text16                             215A     215A       14         0
                text15                             218E     218E        E         0
                text14                              E2A      E2A      26A         0
                text13                             1416     1416       E0         0
                text12                             1DAA     1DAA       5E         0
                text11                             1EC0     1EC0       58         0
                text10                              868      868      31C         0
                text9                              2122     2122       1E         0
                text8                              20BE     20BE       22         0
                text7                              2180     2180        E         0
                text6                              17F4     17F4       A0         0
                text5                              1FB4     1FB4       3A         0
                text4                              12FC     12FC      11A         0
                text3                              16A2     16A2       AA         0
                text2                              15CE     15CE       D4         0
                text1                              1CE4     1CE4       64         0
                text0                              1894     1894       98         0
                cinit                              1C7A     1C7A       6A         0
                idataBANK0                         21FC     21FC        2         0
                idataCOMRAM                        219C     219C        A         0

        CLASS   CONST          

        CLASS   SMALLCONST     
                smallconst                          800      800       68         0

        CLASS   MEDIUMCONST    

        CLASS   COMRAM         
                temp                                 46       46        1         1
                cstackCOMRAM                          1        1       23         1
                dataCOMRAM                           3C       3C        A         1
                bssCOMRAM                            24       24       18         1

        CLASS   ABS1           

        CLASS   BIGRAM         

        CLASS   RAM            

        CLASS   BANK0          
                cstackBANK0                          60       60       4F         1
                dataBANK0                            D5       D5        2         1
                bssBANK0                             AF       AF       23         1
                nvBANK0                              D2       D2        3         1

        CLASS   BANK1          
                bssBANK1                            100      100       3F         1

        CLASS   BANK2          

        CLASS   BANK3          

        CLASS   BANK4          

        CLASS   BANK5          

        CLASS   BANK6          

        CLASS   BANK7          

        CLASS   SFR            

        CLASS   FARRAM         

        CLASS   CONFIG         
                config                           300000   300000        E         0

        CLASS   IDLOC          
                idloc                            200000   200000        8         0

        CLASS   EEDATA         



SEGMENTS        Name                           Load    Length   Top    Selector   Space  Class

                reset_vec                      000000  000004  000004         0       0  CODE    
                cstackCOMRAM                   000001  000046  000047         1       1  COMRAM  
                intcode                        000008  000006  00000E         4       0  CODE    
                intcodelo                      000018  0000A0  0000B8         C       0  CODE    
                cstackBANK0                    000060  000077  0000D7        60       1  BANK0   
                bssBANK1                       000100  00003F  00013F       100       1  BANK1   
                smallconst                     000800  000068  000868       400       0  SMALLCON
                text10                         000868  001996  0021FE       434       0  CODE    
                idloc                          200000  000008  200008    200000       0  IDLOC   
                config                         300000  00000E  30000E    300000       0  CONFIG  


UNUSED ADDRESS RANGES

        Name                Unused          Largest block    Delta
        BANK0            0000D7-0000FF               29
        BANK1            00013F-0001FF               C1
        BANK2            000200-0002FF              100
        BANK3            000300-0003FF              100
        BANK4            000400-0004FF              100
        BANK5            000500-0005FF              100
        BANK6            000600-0006FF              100
        BANK7            000700-0007FF              100
        BIGRAM           000047-00005F               19
                         0000D7-0000FF               29
                         00013F-0007FF              6C1
        CODE             000004-000007                4
                         00000E-000017                A
                         0000B8-0007FF              748
                         0021FE-007FFF             5E02
        COMRAM           000047-00005F               19
        CONST            000004-000007                4
                         00000E-000017                A
                         0000B8-0007FF              748
                         0021FE-007FFF             5E02
        EEDATA           F00000-F000FF              100
        MEDIUMCONST      0021FE-007FFF             5E02
        RAM              0000D7-0000FF               29
                         00013F-0007FF              100
        SFR              000F60-000FFF               A0
        SMALLCONST       0021FE-007FFF              100
        STACK            00013F-0007FF              6C1

                                  Symbol Table

?_D_UART_Read                cstackBANK0  000085
?_D_UART_ReadBlock           cstackBANK0  000085
?___aldiv                    cstackBANK0  000085
?___lwdiv                    cstackBANK0  000085
?___lwmod                    cstackBANK0  00008C
?_printf                     cstackBANK0  000091
?_strcmp                     cstackBANK0  000085
?i1___lwdiv                  cstackCOMRAM 00001A
?i1___lwmod                  cstackBANK0  000060
?i1_printf                   cstackBANK0  000064
D_PWM_Enable@enable          cstackBANK0  000086
D_PWM_SetDuty@duty           cstackBANK0  000085
D_PWM_SetDuty@which          cstackBANK0  000086
D_PWM_SetRGB@b               cstackBANK0  00008B
D_PWM_SetRGB@g               cstackBANK0  00008A
D_PWM_SetRGB@r               cstackBANK0  00008C
D_TIMER0_Enable@enable       cstackBANK0  000085
D_TIMER0_Init@prescale       cstackBANK0  000086
D_UART_Enable@enable         cstackBANK0  000085
D_UART_Init@baud             cstackBANK0  000095
D_UART_Init@interrupts       cstackBANK0  000097
D_UART_Init@name             cstackBANK0  000093
D_UART_Read@cm               cstackBANK0  00008B
D_UART_ReadBlock@cm          cstackBANK0  00008D
D_UART_ReadBlock@cnt         cstackBANK0  00008C
D_UART_Write@command         cstackBANK0  0000A1
D_UART_Write@data            cstackBANK0  0000A3
D_UART_WriteInt@command      cstackBANK0  0000A1
D_UART_WriteInt@data         cstackBANK0  0000A3
_ADCON1                      (abs)        000FC1
_BAUDCONbits                 (abs)        000FB8
_D_PORT_Init                 text9        002122
_D_PWM_Enable                text7        002180
_D_PWM_Fade                  text33       0021E8
_D_PWM_Flash                 text32       0021E2
_D_PWM_GetBlue               text31       0021DC
_D_PWM_GetGreen              text30       0021D6
_D_PWM_GetRed                text29       0021D0
_D_PWM_GetScale              text28       0021F8
_D_PWM_GetState              text27       0021F4
_D_PWM_Init                  text5        001FB4
_D_PWM_ScaleDown             text26       0021B0
_D_PWM_ScaleUp               text25       0021A6
_D_PWM_SetDuty               text24       001FEE
_D_PWM_SetRGB                text22       002140
_D_PWM_Smooth                text21       0021CA
_D_PWM_Strobe                text20       0021C4
_D_TIMER0_Enable             text8        0020BE
_D_TIMER0_Flag               bssCOMRAM    00002A
_D_TIMER0_Init               text6        0017F4
_D_UART_BlockLength          text36       0021EE
_D_UART_Enable               text17       002074
_D_UART_Init                 text3        0016A2
_D_UART_Init$1755            cstackBANK0  000098
_D_UART_Read                 text35       001F6A
_D_UART_ReadBlock            text34       001E08
_D_UART_ReadFlag             bssBANK0     0000CC
_D_UART_Write                text2        0015CE
_D_UART_WriteInt             text13       001416
_HighISR                     intcode      000008
_INTCON2bits                 (abs)        000FF1
_INTCONbits                  (abs)        000FF2
_IPR1bits                    (abs)        000F9F
_LowISR                      intcodelo    000018
_PIE1bits                    (abs)        000F9D
_PIR1bits                    (abs)        000F9E
_PORTA                       (abs)        000F80
_PORTB                       (abs)        000F81
_PORTBbits                   (abs)        000F81
_PORTC                       (abs)        000F82
_PWM_Blue                    bssBANK0     0000C6
_PWM_Green                   bssBANK0     0000C8
_PWM_Red                     bssBANK0     0000CA
_RCONbits                    (abs)        000FD0
_RCREG                       (abs)        000FAE
_RCSTAbits                   (abs)        000FAB
_SPBRG                       (abs)        000FAF
_T0CONbits                   (abs)        000FD5
_TMR0H                       (abs)        000FD7
_TMR0L                       (abs)        000FD6
_TRISA                       (abs)        000F92
_TRISB                       (abs)        000F93
_TRISBbits                   (abs)        000F93
_TRISC                       (abs)        000F94
_TRISCbits                   (abs)        000F94
_TXREG                       (abs)        000FAD
_TXSTAbits                   (abs)        000FAC
__CFG_BOR$ON                 (abs)        000000
__CFG_BORV$3                 (abs)        000000
__CFG_CCP2MX$OFF             (abs)        000000
__CFG_CP0$OFF                (abs)        000000
__CFG_CP1$OFF                (abs)        000000
__CFG_CP2$OFF                (abs)        000000
__CFG_CP3$OFF                (abs)        000000
__CFG_CPB$OFF                (abs)        000000
__CFG_CPD$OFF                (abs)        000000
__CFG_CPUDIV$OSC1_PLL2       (abs)        000000
__CFG_EBTR0$OFF              (abs)        000000
__CFG_EBTR1$OFF              (abs)        000000
__CFG_EBTR2$OFF              (abs)        000000
__CFG_EBTR3$OFF              (abs)        000000
__CFG_EBTRB$OFF              (abs)        000000
__CFG_FCMEN$OFF              (abs)        000000
__CFG_FOSC$HSPLL_HS          (abs)        000000
__CFG_IESO$OFF               (abs)        000000
__CFG_LPT1OSC$OFF            (abs)        000000
__CFG_LVP$OFF                (abs)        000000
__CFG_MCLRE$ON               (abs)        000000
__CFG_PBADEN$OFF             (abs)        000000
__CFG_PLLDIV$4               (abs)        000000
__CFG_PWRT$OFF               (abs)        000000
__CFG_STVREN$OFF             (abs)        000000
__CFG_USBDIV$1               (abs)        000000
__CFG_VREGEN$OFF             (abs)        000000
__CFG_WDT$OFF                (abs)        000000
__CFG_WDTPS$32768            (abs)        000000
__CFG_WRT0$OFF               (abs)        000000
__CFG_WRT1$OFF               (abs)        000000
__CFG_WRT2$OFF               (abs)        000000
__CFG_WRT3$OFF               (abs)        000000
__CFG_WRTB$OFF               (abs)        000000
__CFG_WRTC$OFF               (abs)        000000
__CFG_WRTD$OFF               (abs)        000000
__CFG_XINST$OFF              (abs)        000000
__HRAM                       (abs)        000000
__Habs1                      abs1         000000
__Hbank0                     bank0        000000
__Hbank1                     bank1        000000
__Hbank2                     bank2        000000
__Hbank3                     bank3        000000
__Hbank4                     bank4        000000
__Hbank5                     bank5        000000
__Hbank6                     bank6        000000
__Hbank7                     bank7        000000
__Hbigbss                    bigbss       000000
__Hbigdata                   bigdata      000000
__Hbigram                    bigram       000000
__Hbss                       bss          000000
__HbssBANK0                  bssBANK0     000000
__HbssBANK1                  bssBANK1     000000
__HbssCOMRAM                 bssCOMRAM    000000
__Hcinit                     cinit        000000
__Hclrtext                   clrtext      000000
__Hcomram                    comram       000000
__Hconfig                    config       30000E
__Hconst                     const        000000
__HcstackBANK0               cstackBANK0  000000
__HcstackCOMRAM              cstackCOMRAM 000000
__Hdata                      data         000000
__HdataBANK0                 dataBANK0    000000
__HdataCOMRAM                dataCOMRAM   000000
__Heeprom_data               eeprom_data  000000
__Hfarbss                    farbss       000000
__Hfardata                   fardata      000000
__Hibigdata                  ibigdata     000000
__Hidata                     idata        000000
__HidataBANK0                idataBANK0   000000
__HidataCOMRAM               idataCOMRAM  000000
__Hidloc                     idloc        200008
__Hifardata                  ifardata     000000
__Hinit                      init         0000B8
__Hintcode                   intcode      00000E
__Hintcode_body              intcode_body 000000
__Hintcodelo                 intcodelo    0000B4
__Hintentry                  intentry     000000
__Hintret                    intret       000000
__Hintsave_regs              intsave_regs 000000
__Hirdata                    irdata       000000
__Hmediumconst               mediumconst  000000
__HnvBANK0                   nvBANK0      000000
__HnvFARRAM                  nvFARRAM     000000
__Hnvbit                     nvbit        000000
__Hnvrram                    nvrram       000000
__Hparam                     rparam       000000
__Hpowerup                   powerup      0000B4
__Hram                       ram          000000
__Hramtop                    ramtop       000800
__Hrbit                      rbit         000000
__Hrbss                      rbss         000000
__Hrdata                     rdata        000000
__Hreset_vec                 reset_vec    000004
__Hrparam                    rparam       000000
__Hsfr                       sfr          000000
__Hsmallconst                smallconst   000868
__Hspace_0                   (abs)        30000E
__Hspace_1                   (abs)        00013F
__Hspace_2                   (abs)        000000
__Hstack                     stack        000000
__Hstruct                    struct       000000
__Htemp                      temp         000047
__Htext                      text         000000
__Htext0                     text0        000000
__Htext1                     text1        000000
__Htext10                    text10       000000
__Htext11                    text11       000000
__Htext12                    text12       000000
__Htext13                    text13       000000
__Htext14                    text14       000000
__Htext15                    text15       000000
__Htext16                    text16       000000
__Htext17                    text17       000000
__Htext18                    text18       000000
__Htext19                    text19       000000
__Htext2                     text2        000000
__Htext20                    text20       000000
__Htext21                    text21       000000
__Htext22                    text22       000000
__Htext23                    text23       000000
__Htext24                    text24       000000
__Htext25                    text25       000000
__Htext26                    text26       000000
__Htext27                    text27       000000
__Htext28                    text28       000000
__Htext29                    text29       000000
__Htext3                     text3        000000
__Htext30                    text30       000000
__Htext31                    text31       000000
__Htext32                    text32       000000
__Htext33                    text33       000000
__Htext34                    text34       000000
__Htext35                    text35       000000
__Htext36                    text36       000000
__Htext38                    text38       000000
__Htext39                    text39       000000
__Htext4                     text4        000000
__Htext40                    text40       000000
__Htext41                    text41       000000
__Htext42                    text42       000000
__Htext43                    text43       000000
__Htext44                    text44       000000
__Htext45                    text45       000000
__Htext46                    text46       000000
__Htext48                    text48       000000
__Htext49                    text49       000000
__Htext5                     text5        000000
__Htext50                    text50       000000
__Htext51                    text51       000000
__Htext52                    text52       000000
__Htext53                    text53       000000
__Htext54                    text54       000000
__Htext55                    text55       000000
__Htext6                     text6        000000
__Htext7                     text7        000000
__Htext8                     text8        000000
__Htext9                     text9        000000
__LRAM                       (abs)        000001
__Labs1                      abs1         000000
__Lbank0                     bank0        000000
__Lbank1                     bank1        000000
__Lbank2                     bank2        000000
__Lbank3                     bank3        000000
__Lbank4                     bank4        000000
__Lbank5                     bank5        000000
__Lbank6                     bank6        000000
__Lbank7                     bank7        000000
__Lbigbss                    bigbss       000000
__Lbigdata                   bigdata      000000
__Lbigram                    bigram       000000
__Lbss                       bss          000000
__LbssBANK0                  bssBANK0     000000
__LbssBANK1                  bssBANK1     000000
__LbssCOMRAM                 bssCOMRAM    000000
__Lcinit                     cinit        000000
__Lclrtext                   clrtext      000000
__Lcomram                    comram       000000
__Lconfig                    config       300000
__Lconst                     const        000000
__LcstackBANK0               cstackBANK0  000000
__LcstackCOMRAM              cstackCOMRAM 000000
__Ldata                      data         000000
__LdataBANK0                 dataBANK0    000000
__LdataCOMRAM                dataCOMRAM   000000
__Leeprom_data               eeprom_data  000000
__Lfarbss                    farbss       000000
__Lfardata                   fardata      000000
__Libigdata                  ibigdata     000000
__Lidata                     idata        000000
__LidataBANK0                idataBANK0   000000
__LidataCOMRAM               idataCOMRAM  000000
__Lidloc                     idloc        200000
__Lifardata                  ifardata     000000
__Linit                      init         0000B4
__Lintcode                   intcode      000008
__Lintcode_body              intcode_body 000000
__Lintcodelo                 intcodelo    000018
__Lintentry                  intentry     000000
__Lintret                    intret       000000
__Lintsave_regs              intsave_regs 000000
__Lirdata                    irdata       000000
__Lmediumconst               mediumconst  000000
__LnvBANK0                   nvBANK0      000000
__LnvFARRAM                  nvFARRAM     000000
__Lnvbit                     nvbit        000000
__Lnvrram                    nvrram       000000
__Lparam                     rparam       000000
__Lpowerup                   powerup      0000B4
__Lram                       ram          000000
__Lramtop                    ramtop       000800
__Lrbit                      rbit         000000
__Lrbss                      rbss         000000
__Lrdata                     rdata        000000
__Lreset_vec                 reset_vec    000000
__Lrparam                    rparam       000000
__Lsfr                       sfr          000000
__Lsmallconst                smallconst   000800
__Lspace_0                   (abs)        000000
__Lspace_1                   (abs)        000000
__Lspace_2                   (abs)        000000
__Lstack                     stack        000000
__Lstruct                    struct       000000
__Ltemp                      temp         000046
__Ltext                      text         000000
__Ltext0                     text0        000000
__Ltext1                     text1        000000
__Ltext10                    text10       000000
__Ltext11                    text11       000000
__Ltext12                    text12       000000
__Ltext13                    text13       000000
__Ltext14                    text14       000000
__Ltext15                    text15       000000
__Ltext16                    text16       000000
__Ltext17                    text17       000000
__Ltext18                    text18       000000
__Ltext19                    text19       000000
__Ltext2                     text2        000000
__Ltext20                    text20       000000
__Ltext21                    text21       000000
__Ltext22                    text22       000000
__Ltext23                    text23       000000
__Ltext24                    text24       000000
__Ltext25                    text25       000000
__Ltext26                    text26       000000
__Ltext27                    text27       000000
__Ltext28                    text28       000000
__Ltext29                    text29       000000
__Ltext3                     text3        000000
__Ltext30                    text30       000000
__Ltext31                    text31       000000
__Ltext32                    text32       000000
__Ltext33                    text33       000000
__Ltext34                    text34       000000
__Ltext35                    text35       000000
__Ltext36                    text36       000000
__Ltext38                    text38       000000
__Ltext39                    text39       000000
__Ltext4                     text4        000000
__Ltext40                    text40       000000
__Ltext41                    text41       000000
__Ltext42                    text42       000000
__Ltext43                    text43       000000
__Ltext44                    text44       000000
__Ltext45                    text45       000000
__Ltext46                    text46       000000
__Ltext48                    text48       000000
__Ltext49                    text49       000000
__Ltext5                     text5        000000
__Ltext50                    text50       000000
__Ltext51                    text51       000000
__Ltext52                    text52       000000
__Ltext53                    text53       000000
__Ltext54                    text54       000000
__Ltext55                    text55       000000
__Ltext6                     text6        000000
__Ltext7                     text7        000000
__Ltext8                     text8        000000
__Ltext9                     text9        000000
__S0                         (abs)        30000E
__S1                         (abs)        00013F
__S2                         (abs)        000000
___aldiv                     text4        0012FC
___aldiv@counter             cstackBANK0  00008D
___aldiv@dividend            cstackBANK0  000085
___aldiv@divisor             cstackBANK0  000089
___aldiv@quotient            cstackBANK0  00008F
___aldiv@sign                cstackBANK0  00008E
___inthi_sp                  stack        000000
___intlo_sp                  stack        000000
___lwdiv                     text19       001B26
___lwdiv@counter             cstackBANK0  00008B
___lwdiv@dividend            cstackBANK0  000085
___lwdiv@divisor             cstackBANK0  000087
___lwdiv@quotient            cstackBANK0  000089
___lwmod                     text18       001D48
___lwmod@counter             cstackBANK0  000090
___lwmod@dividend            cstackBANK0  00008C
___lwmod@divisor             cstackBANK0  00008E
___param_bank                (abs)        000000
___rparam_used               (abs)        000001
___sp                        stack        000000
__accesstop                  (abs)        000060
__activetblptr               (abs)        000002
__end_of_D_PORT_Init         text9        002140
__end_of_D_PWM_Enable        text7        00218E
__end_of_D_PWM_Fade          text33       0021EE
__end_of_D_PWM_Flash         text32       0021E8
__end_of_D_PWM_GetBlue       text31       0021E2
__end_of_D_PWM_GetGreen      text30       0021DC
__end_of_D_PWM_GetRed        text29       0021D6
__end_of_D_PWM_GetScale      text28       0021FC
__end_of_D_PWM_GetState      text27       0021F8
__end_of_D_PWM_Init          text5        001FEE
__end_of_D_PWM_ScaleDown     text26       0021BA
__end_of_D_PWM_ScaleUp       text25       0021B0
__end_of_D_PWM_SetDuty       text24       00201E
__end_of_D_PWM_SetRGB        text22       00215A
__end_of_D_PWM_Smooth        text21       0021D0
__end_of_D_PWM_Strobe        text20       0021CA
__end_of_D_TIMER0_Enable     text8        0020E0
__end_of_D_TIMER0_Init       text6        001894
__end_of_D_UART_BlockLength  text36       0021F4
__end_of_D_UART_Enable       text17       00209A
__end_of_D_UART_Init         text3        00174C
__end_of_D_UART_Read         text35       001FB4
__end_of_D_UART_ReadBlock    text34       001E64
__end_of_D_UART_Write        text2        0016A2
__end_of_D_UART_WriteInt     text13       0014F6
__end_of_HighISR             intcode_body 0019B4
__end_of_LowISR              intcodelo    0000B4
__end_of___aldiv             text4        001416
__end_of___lwdiv             text19       001B9E
__end_of___lwmod             text18       001DAA
__end_of__initialization     cinit        001CD6
__end_of_acknowledge         text40       001C0C
__end_of_dpowers             smallconst   00080B
__end_of_fade                text53       001AAC
__end_of_fillDataBuffer      text39       000E2A
__end_of_flash               text52       0017F4
__end_of_handleState         text48       001C7A
__end_of_handle_message      text10       000B84
__end_of_hexpowers           smallconst   000813
__end_of_initialize          text1        001D48
__end_of_main                text0        00192C
__end_of_printf              text14       001094
__end_of_putch               text15       00219C
__end_of_pwmColors           text51       001A30
__end_of_readByte            text38       002074
__end_of_setRGB              text23       0020BE
__end_of_smooth              text50       0015CE
__end_of_strToInt            text12       001E08
__end_of_strcmp              text11       001F18
__end_of_strobe2             text49       001B26
__end_of_writeByte           text16       00216E
__end_ofi1_D_UART_Enable     text44       002122
__end_ofi1___lwdiv           text46       001F6A
__end_ofi1___lwmod           text45       001EC0
__end_ofi1_printf            text41       0012FC
__end_ofi1_putch             text42       0021C4
__end_ofi1_writeByte         text43       002180
__end_ofi2_D_PWM_SetDuty     text55       00204A
__end_ofi2_setRGB            text54       002102
__initialization             cinit        001C7A
__mediumconst                mediumconst  000000
__pbssBANK0                  bssBANK0     0000AF
__pbssBANK1                  bssBANK1     000100
__pbssCOMRAM                 bssCOMRAM    000024
__pcinit                     cinit        001C7A
__pcstackBANK0               cstackBANK0  000060
__pcstackCOMRAM              cstackCOMRAM 000001
__pdataBANK0                 dataBANK0    0000D5
__pdataCOMRAM                dataCOMRAM   00003C
__pidataBANK0                idataBANK0   0021FC
__pidataCOMRAM               idataCOMRAM  00219C
__pintcode                   intcode      000008
__pintcode_body              intcode_body 00192C
__pintcodelo                 intcodelo    000018
__pnvBANK0                   nvBANK0      0000D2
__psmallconst                smallconst   000800
__ptext0                     text0        001894
__ptext1                     text1        001CE4
__ptext10                    text10       000868
__ptext11                    text11       001EC0
__ptext12                    text12       001DAA
__ptext13                    text13       001416
__ptext14                    text14       000E2A
__ptext15                    text15       00218E
__ptext16                    text16       00215A
__ptext17                    text17       002074
__ptext18                    text18       001D48
__ptext19                    text19       001B26
__ptext2                     text2        0015CE
__ptext20                    text20       0021C4
__ptext21                    text21       0021CA
__ptext22                    text22       002140
__ptext23                    text23       00209A
__ptext24                    text24       001FEE
__ptext25                    text25       0021A6
__ptext26                    text26       0021B0
__ptext27                    text27       0021F4
__ptext28                    text28       0021F8
__ptext29                    text29       0021D0
__ptext3                     text3        0016A2
__ptext30                    text30       0021D6
__ptext31                    text31       0021DC
__ptext32                    text32       0021E2
__ptext33                    text33       0021E8
__ptext34                    text34       001E08
__ptext35                    text35       001F6A
__ptext36                    text36       0021EE
__ptext38                    text38       00204A
__ptext39                    text39       000B84
__ptext4                     text4        0012FC
__ptext40                    text40       001B9E
__ptext41                    text41       001094
__ptext42                    text42       0021BA
__ptext43                    text43       00216E
__ptext44                    text44       002102
__ptext45                    text45       001E64
__ptext46                    text46       001F18
__ptext48                    text48       001C0C
__ptext49                    text49       001AAC
__ptext5                     text5        001FB4
__ptext50                    text50       0014F6
__ptext51                    text51       0019B4
__ptext52                    text52       00174C
__ptext53                    text53       001A30
__ptext54                    text54       0020E0
__ptext55                    text55       00201E
__ptext6                     text6        0017F4
__ptext7                     text7        002180
__ptext8                     text8        0020BE
__ptext9                     text9        002122
__ramtop                     ramtop       000800
__size_of_D_PORT_Init        (abs)        000000
__size_of_D_PWM_Enable       (abs)        000000
__size_of_D_PWM_Fade         (abs)        000000
__size_of_D_PWM_Flash        (abs)        000000
__size_of_D_PWM_GetBlue      (abs)        000000
__size_of_D_PWM_GetGreen     (abs)        000000
__size_of_D_PWM_GetRed       (abs)        000000
__size_of_D_PWM_GetScale     (abs)        000000
__size_of_D_PWM_GetState     (abs)        000000
__size_of_D_PWM_Init         (abs)        000000
__size_of_D_PWM_ScaleDown    (abs)        000000
__size_of_D_PWM_ScaleUp      (abs)        000000
__size_of_D_PWM_SetDuty      (abs)        000000
__size_of_D_PWM_SetRGB       (abs)        000000
__size_of_D_PWM_Smooth       (abs)        000000
__size_of_D_PWM_Strobe       (abs)        000000
__size_of_D_TIMER0_Enable    (abs)        000000
__size_of_D_TIMER0_Init      (abs)        000000
__size_of_D_UART_BlockLength (abs)        000000
__size_of_D_UART_Enable      (abs)        000000
__size_of_D_UART_Init        (abs)        000000
__size_of_D_UART_Read        (abs)        000000
__size_of_D_UART_ReadBlock   (abs)        000000
__size_of_D_UART_Write       (abs)        000000
__size_of_D_UART_WriteInt    (abs)        000000
__size_of_HighISR            (abs)        000000
__size_of_LowISR             (abs)        000000
__size_of___aldiv            (abs)        000000
__size_of___lwdiv            (abs)        000000
__size_of___lwmod            (abs)        000000
__size_of_acknowledge        (abs)        000000
__size_of_fade               (abs)        000000
__size_of_fillDataBuffer     (abs)        000000
__size_of_flash              (abs)        000000
__size_of_handleState        (abs)        000000
__size_of_handle_message     (abs)        000000
__size_of_initialize         (abs)        000000
__size_of_main               (abs)        000000
__size_of_printf             (abs)        000000
__size_of_putch              (abs)        000000
__size_of_pwmColors          (abs)        000000
__size_of_readByte           (abs)        000000
__size_of_setRGB             (abs)        000000
__size_of_smooth             (abs)        000000
__size_of_strToInt           (abs)        000000
__size_of_strcmp             (abs)        000000
__size_of_strobe2            (abs)        000000
__size_of_writeByte          (abs)        000000
__size_ofi1_D_UART_Enable    (abs)        000000
__size_ofi1___lwdiv          (abs)        000000
__size_ofi1___lwmod          (abs)        000000
__size_ofi1_printf           (abs)        000000
__size_ofi1_putch            (abs)        000000
__size_ofi1_writeByte        (abs)        000000
__size_ofi2_D_PWM_SetDuty    (abs)        000000
__size_ofi2_setRGB           (abs)        000000
__smallconst                 smallconst   000800
_ackCharacter                dataCOMRAM   00003C
_acknowledge                 text40       001B9E
_b                           bssBANK0     0000CD
_baud                        bssCOMRAM    00002B
_blockCharacter              dataCOMRAM   00003E
_blockLength                 bssCOMRAM    00002C
_bufferCnt                   bssCOMRAM    00002D
_comMes                      bssBANK0     0000AF
_deviceName                  nvBANK0      0000D2
_dpowers                     smallconst   000801
_fade                        text53       001A30
_fillDataBuffer              text39       000B84
_flash                       text52       00174C
_g                           bssBANK0     0000CE
_handleState                 text48       001C0C
_handle_message              text10       000868
_hexpowers                   smallconst   00080B
_initialize                  text1        001CE4
_main                        text0        001894
_messageCharacter            dataBANK0    0000D5
_printf                      text14       000E2A
_putch                       text15       00218E
_pwmColors                   text51       0019B4
_r                           bssBANK0     0000CF
_read                        bssCOMRAM    000024
_readBuffer                  bssBANK1     000100
_readByte                    text38       00204A
_readData                    bssBANK0     0000C0
_scale                       bssCOMRAM    00002E
_setRGB                      text23       00209A
_smooth                      text50       0014F6
_startCharacter              dataCOMRAM   000040
_state                       bssCOMRAM    00002F
_stopCharacter               dataCOMRAM   000042
_strToInt                    text12       001DAA
_strcmp                      text11       001EC0
_strobe2                     text49       001AAC
_writeByte                   text16       00215A
btemp                        temp         000046
end_of_initialization        cinit        001CD6
fade@b_cnt                   dataCOMRAM   000044
fade@b_up                    bssCOMRAM    000030
fade@g_cnt                   dataCOMRAM   000045
fade@g_up                    bssCOMRAM    000031
fade@r_cnt                   bssCOMRAM    000032
fade@r_up                    bssCOMRAM    000033
fillDataBuffer@data          cstackCOMRAM 000023
fillDataBuffer@i             cstackCOMRAM 000022
flash@color                  bssCOMRAM    000034
flash@count                  bssCOMRAM    000035
handleState@cnt              bssCOMRAM    000036
handle_message@msg           cstackBANK0  0000A6
i1D_UART_Enable@enable       cstackCOMRAM 00001A
i1_D_UART_Enable             text44       002102
i1___lwdiv                   text46       001F18
i1___lwdiv@counter           cstackCOMRAM 00001E
i1___lwdiv@dividend          cstackCOMRAM 00001A
i1___lwdiv@divisor           cstackCOMRAM 00001C
i1___lwdiv@quotient          cstackCOMRAM 00001F
i1___lwmod                   text45       001E64
i1___lwmod@counter           cstackCOMRAM 000021
i1___lwmod@dividend          cstackBANK0  000060
i1___lwmod@divisor           cstackBANK0  000062
i1_printf                    text41       001094
i1_putch                     text42       0021BA
i1_writeByte                 text43       00216E
i1printf@ap                  cstackBANK0  00006D
i1printf@c                   cstackBANK0  000073
i1printf@f                   cstackBANK0  000064
i1printf@flag                cstackBANK0  000070
i1printf@idx                 cstackBANK0  00006C
i1printf@prec                cstackBANK0  00006F
i1printf@val                 cstackBANK0  000071
i1putch@data                 cstackCOMRAM 00001C
i1writeByte@data             cstackCOMRAM 00001B
i2D_PWM_SetDuty@duty         cstackCOMRAM 000001
i2D_PWM_SetDuty@which        cstackCOMRAM 000002
i2_D_PWM_SetDuty             text55       00201E
i2_setRGB                    text54       0020E0
i2setRGB@b                   cstackCOMRAM 000004
i2setRGB@g                   cstackCOMRAM 000003
i2setRGB@r                   cstackCOMRAM 000005
int$flags                    temp         000046
int_func                     intcode_body 00192C
intlevel0                    text         000000
intlevel1                    text         000000
intlevel2                    text         000000
intlevel3                    text         000000
main@i                       cstackBANK0  0000AD
main@length                  cstackBANK0  0000AE
printf@ap                    cstackBANK0  00009A
printf@c                     cstackBANK0  0000A0
printf@f                     cstackBANK0  000091
printf@flag                  cstackBANK0  00009D
printf@idx                   cstackBANK0  000099
printf@prec                  cstackBANK0  00009C
printf@val                   cstackBANK0  00009E
putch@data                   cstackBANK0  000087
pwmColors@birghtness         cstackCOMRAM 000003
readByte@dum                 cstackCOMRAM 00001B
setRGB@b                     cstackBANK0  000088
setRGB@g                     cstackBANK0  000087
setRGB@r                     cstackBANK0  000089
smooth@color                 bssCOMRAM    000037
smooth@count                 bssCOMRAM    000038
stackhi                      (abs)        0007FF
stacklo                      (abs)        00013F
start                        init         0000B4
start_initialization         cinit        001C7A
strToInt@shift               cstackBANK0  000088
strToInt@str                 cstackBANK0  000085
strToInt@tmp                 cstackBANK0  000087
strToInt@val                 cstackBANK0  000089
strcmp@r                     cstackBANK0  00008A
strcmp@s1                    cstackBANK0  000085
strcmp@s2                    cstackBANK0  000087
strobe2@cnt                  bssCOMRAM    000039
strobe2@on_cnt               bssCOMRAM    00003B
strobe@cnt                   bssBANK0     0000D0
strobe@up                    bssBANK0     0000D1
writeByte@data               cstackBANK0  000086


FUNCTION INFORMATION:

 *************** function _main *****************
 Defined at:
		line 65 in file "main.c"
 Parameters:    Size  Location     Type
		None
 Auto vars:     Size  Location     Type
  i               1   77[BANK0 ] unsigned char 
  length          1   78[BANK0 ] unsigned char 
 Return value:  Size  Location     Type
                  1    wreg      void 
 Registers used:
		wreg, fsr0l, fsr0h, fsr1l, fsr1h, fsr2l, fsr2h, status,2, status,0, tblptrl, tblptrh, tblptru, prodl, prodh, cstack
 Tracked objects:
		On entry : 
		On exit  : 
		Unchanged: 
 Data sizes:     COMRAM   BANK0   BANK1   BANK2   BANK3   BANK4   BANK5   BANK6   BANK7
      Params:         0       0       0       0       0       0       0       0       0
      Locals:         0       2       0       0       0       0       0       0       0
      Temps:          0       0       0       0       0       0       0       0       0
      Totals:         0       2       0       0       0       0       0       0       0
Total ram usage:        2 bytes
 Hardware stack levels required when called:   18
 This function calls:
		_D_PWM_SetRGB
		_D_UART_BlockLength
		_D_UART_Read
		_D_UART_ReadBlock
		_handle_message
		_initialize
 This function is called by:
		Startup code after reset
 This function uses a non-reentrant model


 *************** function _initialize *****************
 Defined at:
		line 46 in file "main.c"
 Parameters:    Size  Location     Type
		None
 Auto vars:     Size  Location     Type
		None
 Return value:  Size  Location     Type
                  1    wreg      void 
 Registers used:
		wreg, fsr2l, fsr2h, status,2, status,0, tblptrl, tblptrh, tblptru, prodl, prodh, cstack
 Tracked objects:
		On entry : 
		On exit  : 
		Unchanged: 
 Data sizes:     COMRAM   BANK0   BANK1   BANK2   BANK3   BANK4   BANK5   BANK6   BANK7
      Params:         0       0       0       0       0       0       0       0       0
      Locals:         0       0       0       0       0       0       0       0       0
      Temps:          0       0       0       0       0       0       0       0       0
      Totals:         0       0       0       0       0       0       0       0       0
Total ram usage:        0 bytes
 Hardware stack levels used:    1
 Hardware stack levels required when called:   17
 This function calls:
		_D_PORT_Init
		_D_PWM_Enable
		_D_PWM_Init
		_D_UART_Enable
		_D_UART_Init
		_D_UART_Write
 This function is called by:
		_main
 This function uses a non-reentrant model


 *************** function _D_UART_Write *****************
 Defined at:
		line 271 in file "Drivers/UART_Driver.c"
 Parameters:    Size  Location     Type
  command         2   65[BANK0 ] PTR const unsigned char 
		 -> STR_13(2), 
  data            2   67[BANK0 ] PTR const unsigned char 
		 -> STR_14(5), 
 Auto vars:     Size  Location     Type
		None
 Return value:  Size  Location     Type
                  1    wreg      void 
 Registers used:
		wreg, fsr2l, fsr2h, status,2, status,0, tblptrl, tblptrh, tblptru, prodl, prodh, cstack
 Tracked objects:
		On entry : 
		On exit  : 
		Unchanged: 
 Data sizes:     COMRAM   BANK0   BANK1   BANK2   BANK3   BANK4   BANK5   BANK6   BANK7
      Params:         0       4       0       0       0       0       0       0       0
      Locals:         0       0       0       0       0       0       0       0       0
      Temps:          0       1       0       0       0       0       0       0       0
      Totals:         0       5       0       0       0       0       0       0       0
Total ram usage:        5 bytes
 Hardware stack levels used:    1
 Hardware stack levels required when called:   16
 This function calls:
		_printf
 This function is called by:
		_initialize
 This function uses a non-reentrant model


 *************** function _D_UART_Init *****************
 Defined at:
		line 233 in file "Drivers/UART_Driver.c"
 Parameters:    Size  Location     Type
  name            2   51[BANK0 ] PTR const unsigned char 
		 -> STR_12(2), 
  baud            2   53[BANK0 ] unsigned int 
  interrupts      1   55[BANK0 ] unsigned char 
 Auto vars:     Size  Location     Type
		None
 Return value:  Size  Location     Type
                  1    wreg      void 
 Registers used:
		wreg, status,2, status,0, cstack
 Tracked objects:
		On entry : 
		On exit  : 
		Unchanged: 
 Data sizes:     COMRAM   BANK0   BANK1   BANK2   BANK3   BANK4   BANK5   BANK6   BANK7
      Params:         0       5       0       0       0       0       0       0       0
      Locals:         0       4       0       0       0       0       0       0       0
      Temps:          0       0       0       0       0       0       0       0       0
      Totals:         0       9       0       0       0       0       0       0       0
Total ram usage:        9 bytes
 Hardware stack levels used:    1
 Hardware stack levels required when called:   13
 This function calls:
		_D_UART_Enable
		___aldiv
 This function is called by:
		_initialize
 This function uses a non-reentrant model


 *************** function ___aldiv *****************
 Defined at:
		line 8 in file "/opt/microchip/xc8/v1.40/sources/common/aldiv.c"
 Parameters:    Size  Location     Type
  dividend        4   37[BANK0 ] long 
  divisor         4   41[BANK0 ] long 
 Auto vars:     Size  Location     Type
  quotient        4   47[BANK0 ] long 
  sign            1   46[BANK0 ] unsigned char 
  counter         1   45[BANK0 ] unsigned char 
 Return value:  Size  Location     Type
                  4   37[BANK0 ] long 
 Registers used:
		wreg, status,2, status,0
 Tracked objects:
		On entry : 
		On exit  : 
		Unchanged: 
 Data sizes:     COMRAM   BANK0   BANK1   BANK2   BANK3   BANK4   BANK5   BANK6   BANK7
      Params:         0       8       0       0       0       0       0       0       0
      Locals:         0       6       0       0       0       0       0       0       0
      Temps:          0       0       0       0       0       0       0       0       0
      Totals:         0      14       0       0       0       0       0       0       0
Total ram usage:       14 bytes
 Hardware stack levels used:    1
 Hardware stack levels required when called:   12
 This function calls:
		Nothing
 This function is called by:
		_D_UART_Init
 This function uses a non-reentrant model


 *************** function _D_PWM_Init *****************
 Defined at:
		line 279 in file "Drivers/PWM_Driver.c"
 Parameters:    Size  Location     Type
		None
 Auto vars:     Size  Location     Type
		None
 Return value:  Size  Location     Type
                  1    wreg      void 
 Registers used:
		wreg, status,2, status,0, cstack
 Tracked objects:
		On entry : 
		On exit  : 
		Unchanged: 
 Data sizes:     COMRAM   BANK0   BANK1   BANK2   BANK3   BANK4   BANK5   BANK6   BANK7
      Params:         0       0       0       0       0       0       0       0       0
      Locals:         0       0       0       0       0       0       0       0       0
      Temps:          0       0       0       0       0       0       0       0       0
      Totals:         0       0       0       0       0       0       0       0       0
Total ram usage:        0 bytes
 Hardware stack levels used:    1
 Hardware stack levels required when called:   14
 This function calls:
		_D_TIMER0_Enable
		_D_TIMER0_Init
 This function is called by:
		_initialize
 This function uses a non-reentrant model


 *************** function _D_TIMER0_Init *****************
 Defined at:
		line 30 in file "Drivers/TIMER0_Driver.c"
 Parameters:    Size  Location     Type
  prescale        1    wreg     unsigned char 
 Auto vars:     Size  Location     Type
  prescale        1   38[BANK0 ] unsigned char 
 Return value:  Size  Location     Type
                  1    wreg      void 
 Registers used:
		wreg, status,2, status,0, cstack
 Tracked objects:
		On entry : 
		On exit  : 
		Unchanged: 
 Data sizes:     COMRAM   BANK0   BANK1   BANK2   BANK3   BANK4   BANK5   BANK6   BANK7
      Params:         0       0       0       0       0       0       0       0       0
      Locals:         0       1       0       0       0       0       0       0       0
      Temps:          0       0       0       0       0       0       0       0       0
      Totals:         0       1       0       0       0       0       0       0       0
Total ram usage:        1 bytes
 Hardware stack levels used:    1
 Hardware stack levels required when called:   13
 This function calls:
		_D_TIMER0_Enable
 This function is called by:
		_D_PWM_Init
 This function uses a non-reentrant model


 *************** function _D_PWM_Enable *****************
 Defined at:
		line 303 in file "Drivers/PWM_Driver.c"
 Parameters:    Size  Location     Type
  enable          1    wreg     unsigned char 
 Auto vars:     Size  Location     Type
  enable          1   38[BANK0 ] unsigned char 
 Return value:  Size  Location     Type
                  1    wreg      void 
 Registers used:
		wreg, status,2, cstack
 Tracked objects:
		On entry : 
		On exit  : 
		Unchanged: 
 Data sizes:     COMRAM   BANK0   BANK1   BANK2   BANK3   BANK4   BANK5   BANK6   BANK7
      Params:         0       0       0       0       0       0       0       0       0
      Locals:         0       1       0       0       0       0       0       0       0
      Temps:          0       0       0       0       0       0       0       0       0
      Totals:         0       1       0       0       0       0       0       0       0
Total ram usage:        1 bytes
 Hardware stack levels used:    1
 Hardware stack levels required when called:   13
 This function calls:
		_D_TIMER0_Enable
 This function is called by:
		_initialize
 This function uses a non-reentrant model


 *************** function _D_TIMER0_Enable *****************
 Defined at:
		line 61 in file "Drivers/TIMER0_Driver.c"
 Parameters:    Size  Location     Type
  enable          1    wreg     unsigned char 
 Auto vars:     Size  Location     Type
  enable          1   37[BANK0 ] unsigned char 
 Return value:  Size  Location     Type
                  1    wreg      void 
 Registers used:
		wreg, status,2
 Tracked objects:
		On entry : 
		On exit  : 
		Unchanged: 
 Data sizes:     COMRAM   BANK0   BANK1   BANK2   BANK3   BANK4   BANK5   BANK6   BANK7
      Params:         0       0       0       0       0       0       0       0       0
      Locals:         0       1       0       0       0       0       0       0       0
      Temps:          0       0       0       0       0       0       0       0       0
      Totals:         0       1       0       0       0       0       0       0       0
Total ram usage:        1 bytes
 Hardware stack levels used:    1
 Hardware stack levels required when called:   12
 This function calls:
		Nothing
 This function is called by:
		_D_TIMER0_Init
		_D_PWM_Init
		_D_PWM_Enable
 This function uses a non-reentrant model


 *************** function _D_PORT_Init *****************
 Defined at:
		line 31 in file "Drivers/PORT_Driver.c"
 Parameters:    Size  Location     Type
		None
 Auto vars:     Size  Location     Type
		None
 Return value:  Size  Location     Type
                  1    wreg      void 
 Registers used:
		wreg, status,2
 Tracked objects:
		On entry : 
		On exit  : 
		Unchanged: 
 Data sizes:     COMRAM   BANK0   BANK1   BANK2   BANK3   BANK4   BANK5   BANK6   BANK7
      Params:         0       0       0       0       0       0       0       0       0
      Locals:         0       0       0       0       0       0       0       0       0
      Temps:          0       0       0       0       0       0       0       0       0
      Totals:         0       0       0       0       0       0       0       0       0
Total ram usage:        0 bytes
 Hardware stack levels used:    1
 Hardware stack levels required when called:   12
 This function calls:
		Nothing
 This function is called by:
		_initialize
 This function uses a non-reentrant model


 *************** function _handle_message *****************
 Defined at:
		line 90 in file "main.c"
 Parameters:    Size  Location     Type
  msg             6   70[BANK0 ] struct .
 Auto vars:     Size  Location     Type
		None
 Return value:  Size  Location     Type
                  1    wreg      void 
 Registers used:
		wreg, fsr2l, fsr2h, status,2, status,0, tblptrl, tblptrh, tblptru, prodl, prodh, cstack
 Tracked objects:
		On entry : 
		On exit  : 
		Unchanged: 
 Data sizes:     COMRAM   BANK0   BANK1   BANK2   BANK3   BANK4   BANK5   BANK6   BANK7
      Params:         0       6       0       0       0       0       0       0       0
      Locals:         0       0       0       0       0       0       0       0       0
      Temps:          0       1       0       0       0       0       0       0       0
      Totals:         0       7       0       0       0       0       0       0       0
Total ram usage:        7 bytes
 Hardware stack levels used:    1
 Hardware stack levels required when called:   17
 This function calls:
		_D_PWM_Fade
		_D_PWM_Flash
		_D_PWM_GetBlue
		_D_PWM_GetGreen
		_D_PWM_GetRed
		_D_PWM_GetScale
		_D_PWM_GetState
		_D_PWM_ScaleDown
		_D_PWM_ScaleUp
		_D_PWM_SetRGB
		_D_PWM_Smooth
		_D_PWM_Strobe
		_D_UART_WriteInt
		_strToInt
		_strcmp
 This function is called by:
		_main
 This function uses a non-reentrant model


 *************** function _strcmp *****************
 Defined at:
		line 33 in file "/opt/microchip/xc8/v1.40/sources/common/strcmp.c"
 Parameters:    Size  Location     Type
  s1              2   37[BANK0 ] PTR const unsigned char 
		 -> D_UART_ReadBlock@cm(17), D_UART_Read@cm(17), 
  s2              2   39[BANK0 ] PTR const unsigned char 
		 -> STR_31(4), STR_29(4), STR_25(4), STR_24(3), 
		 -> STR_23(3), STR_22(3), STR_21(3), STR_20(2), 
		 -> STR_19(2), STR_18(2), STR_17(2), STR_16(2), 
		 -> STR_15(2), 
 Auto vars:     Size  Location     Type
  r               1   42[BANK0 ] char 
 Return value:  Size  Location     Type
                  2   37[BANK0 ] int 
 Registers used:
		wreg, fsr2l, fsr2h, status,2, status,0, tblptrl, tblptrh, tblptru
 Tracked objects:
		On entry : 
		On exit  : 
		Unchanged: 
 Data sizes:     COMRAM   BANK0   BANK1   BANK2   BANK3   BANK4   BANK5   BANK6   BANK7
      Params:         0       4       0       0       0       0       0       0       0
      Locals:         0       1       0       0       0       0       0       0       0
      Temps:          0       1       0       0       0       0       0       0       0
      Totals:         0       6       0       0       0       0       0       0       0
Total ram usage:        6 bytes
 Hardware stack levels used:    1
 Hardware stack levels required when called:   12
 This function calls:
		Nothing
 This function is called by:
		_handle_message
 This function uses a non-reentrant model


 *************** function _strToInt *****************
 Defined at:
		line 160 in file "main.c"
 Parameters:    Size  Location     Type
  str             2   37[BANK0 ] PTR const unsigned char 
		 -> D_UART_ReadBlock@cm(17), D_UART_Read@cm(17), 
 Auto vars:     Size  Location     Type
  val             1   41[BANK0 ] unsigned char 
  shift           1   40[BANK0 ] unsigned char 
  tmp             1   39[BANK0 ] unsigned char 
 Return value:  Size  Location     Type
                  1    wreg      unsigned char 
 Registers used:
		wreg, fsr2l, fsr2h, status,2, status,0, prodl, prodh
 Tracked objects:
		On entry : 
		On exit  : 
		Unchanged: 
 Data sizes:     COMRAM   BANK0   BANK1   BANK2   BANK3   BANK4   BANK5   BANK6   BANK7
      Params:         0       2       0       0       0       0       0       0       0
      Locals:         0       3       0       0       0       0       0       0       0
      Temps:          0       0       0       0       0       0       0       0       0
      Totals:         0       5       0       0       0       0       0       0       0
Total ram usage:        5 bytes
 Hardware stack levels used:    1
 Hardware stack levels required when called:   12
 This function calls:
		Nothing
 This function is called by:
		_handle_message
 This function uses a non-reentrant model


 *************** function _D_UART_WriteInt *****************
 Defined at:
		line 285 in file "Drivers/UART_Driver.c"
 Parameters:    Size  Location     Type
  command         2   65[BANK0 ] PTR const unsigned char 
		 -> STR_32(4), STR_30(4), STR_28(2), STR_27(2), 
		 -> STR_26(2), 
  data            2   67[BANK0 ] int 
 Auto vars:     Size  Location     Type
		None
 Return value:  Size  Location     Type
                  1    wreg      void 
 Registers used:
		wreg, fsr2l, fsr2h, status,2, status,0, tblptrl, tblptrh, tblptru, prodl, prodh, cstack
 Tracked objects:
		On entry : 
		On exit  : 
		Unchanged: 
 Data sizes:     COMRAM   BANK0   BANK1   BANK2   BANK3   BANK4   BANK5   BANK6   BANK7
      Params:         0       4       0       0       0       0       0       0       0
      Locals:         0       0       0       0       0       0       0       0       0
      Temps:          0       1       0       0       0       0       0       0       0
      Totals:         0       5       0       0       0       0       0       0       0
Total ram usage:        5 bytes
 Hardware stack levels used:    1
 Hardware stack levels required when called:   16
 This function calls:
		_printf
 This function is called by:
		_handle_message
 This function uses a non-reentrant model


 *************** function _printf *****************
 Defined at:
		line 464 in file "/opt/microchip/xc8/v1.40/sources/common/doprnt.c"
 Parameters:    Size  Location     Type
  f               3   49[BANK0 ] PTR const unsigned char 
		 -> STR_32(4), STR_30(4), STR_28(2), STR_27(2), 
		 -> STR_26(2), STR_14(5), STR_13(2), STR_12(2), 
		 -> STR_11(3), STR_10(2), STR_9(2), STR_8(2), 
		 -> STR_7(2), STR_6(3), STR_5(4), STR_3(4), 
		 -> ROM(32767), STR_2(2), STR_1(2), 
 Auto vars:     Size  Location     Type
  idx             1   57[BANK0 ] unsigned char 
  tmpval          4    0        struct .
  cp              3    0        PTR const unsigned char 
  val             2   62[BANK0 ] unsigned int 
  ap              2   58[BANK0 ] PTR void [1]
		 -> ?i1_printf(2), ?_printf(2), 
  len             2    0        unsigned int 
  c               1   64[BANK0 ] char 
  flag            1   61[BANK0 ] unsigned char 
  prec            1   60[BANK0 ] char 
 Return value:  Size  Location     Type
                  2   49[BANK0 ] int 
 Registers used:
		wreg, fsr2l, fsr2h, status,2, status,0, tblptrl, tblptrh, tblptru, prodl, prodh, cstack
 Tracked objects:
		On entry : 
		On exit  : 
		Unchanged: 
 Data sizes:     COMRAM   BANK0   BANK1   BANK2   BANK3   BANK4   BANK5   BANK6   BANK7
      Params:         0       5       0       0       0       0       0       0       0
      Locals:         0       8       0       0       0       0       0       0       0
      Temps:          0       3       0       0       0       0       0       0       0
      Totals:         0      16       0       0       0       0       0       0       0
Total ram usage:       16 bytes
 Hardware stack levels used:    1
 Hardware stack levels required when called:   15
 This function calls:
		___lwdiv
		___lwmod
		_putch
 This function is called by:
		_D_UART_Write
		_D_UART_WriteInt
 This function uses a non-reentrant model


 *************** function _putch *****************
 Defined at:
		line 353 in file "Drivers/UART_Driver.c"
 Parameters:    Size  Location     Type
  data            1    wreg     unsigned char 
 Auto vars:     Size  Location     Type
  data            1   39[BANK0 ] unsigned char 
 Return value:  Size  Location     Type
                  1    wreg      void 
 Registers used:
		wreg, status,2, cstack
 Tracked objects:
		On entry : 
		On exit  : 
		Unchanged: 
 Data sizes:     COMRAM   BANK0   BANK1   BANK2   BANK3   BANK4   BANK5   BANK6   BANK7
      Params:         0       0       0       0       0       0       0       0       0
      Locals:         0       1       0       0       0       0       0       0       0
      Temps:          0       0       0       0       0       0       0       0       0
      Totals:         0       1       0       0       0       0       0       0       0
Total ram usage:        1 bytes
 Hardware stack levels used:    1
 Hardware stack levels required when called:   14
 This function calls:
		_writeByte
 This function is called by:
		_printf
 This function uses a non-reentrant model


 *************** function _writeByte *****************
 Defined at:
		line 84 in file "Drivers/UART_Driver.c"
 Parameters:    Size  Location     Type
  data            1    wreg     unsigned char 
 Auto vars:     Size  Location     Type
  data            1   38[BANK0 ] unsigned char 
 Return value:  Size  Location     Type
                  1    wreg      void 
 Registers used:
		wreg, status,2, cstack
 Tracked objects:
		On entry : 
		On exit  : 
		Unchanged: 
 Data sizes:     COMRAM   BANK0   BANK1   BANK2   BANK3   BANK4   BANK5   BANK6   BANK7
      Params:         0       0       0       0       0       0       0       0       0
      Locals:         0       1       0       0       0       0       0       0       0
      Temps:          0       0       0       0       0       0       0       0       0
      Totals:         0       1       0       0       0       0       0       0       0
Total ram usage:        1 bytes
 Hardware stack levels used:    1
 Hardware stack levels required when called:   13
 This function calls:
		_D_UART_Enable
 This function is called by:
		_putch
 This function uses a non-reentrant model


 *************** function _D_UART_Enable *****************
 Defined at:
		line 319 in file "Drivers/UART_Driver.c"
 Parameters:    Size  Location     Type
  enable          1    wreg     unsigned char 
 Auto vars:     Size  Location     Type
  enable          1   37[BANK0 ] unsigned char 
 Return value:  Size  Location     Type
                  1    wreg      void 
 Registers used:
		wreg, status,2
 Tracked objects:
		On entry : 
		On exit  : 
		Unchanged: 
 Data sizes:     COMRAM   BANK0   BANK1   BANK2   BANK3   BANK4   BANK5   BANK6   BANK7
      Params:         0       0       0       0       0       0       0       0       0
      Locals:         0       1       0       0       0       0       0       0       0
      Temps:          0       0       0       0       0       0       0       0       0
      Totals:         0       1       0       0       0       0       0       0       0
Total ram usage:        1 bytes
 Hardware stack levels used:    1
 Hardware stack levels required when called:   12
 This function calls:
		Nothing
 This function is called by:
		_writeByte
		_D_UART_Init
		_initialize
 This function uses a non-reentrant model


 *************** function ___lwmod *****************
 Defined at:
		line 8 in file "/opt/microchip/xc8/v1.40/sources/common/lwmod.c"
 Parameters:    Size  Location     Type
  dividend        2   44[BANK0 ] unsigned int 
  divisor         2   46[BANK0 ] unsigned int 
 Auto vars:     Size  Location     Type
  counter         1   48[BANK0 ] unsigned char 
 Return value:  Size  Location     Type
                  2   44[BANK0 ] unsigned int 
 Registers used:
		wreg, status,2, status,0
 Tracked objects:
		On entry : 
		On exit  : 
		Unchanged: 
 Data sizes:     COMRAM   BANK0   BANK1   BANK2   BANK3   BANK4   BANK5   BANK6   BANK7
      Params:         0       4       0       0       0       0       0       0       0
      Locals:         0       1       0       0       0       0       0       0       0
      Temps:          0       0       0       0       0       0       0       0       0
      Totals:         0       5       0       0       0       0       0       0       0
Total ram usage:        5 bytes
 Hardware stack levels used:    1
 Hardware stack levels required when called:   12
 This function calls:
		Nothing
 This function is called by:
		_printf
 This function uses a non-reentrant model


 *************** function ___lwdiv *****************
 Defined at:
		line 8 in file "/opt/microchip/xc8/v1.40/sources/common/lwdiv.c"
 Parameters:    Size  Location     Type
  dividend        2   37[BANK0 ] unsigned int 
  divisor         2   39[BANK0 ] unsigned int 
 Auto vars:     Size  Location     Type
  quotient        2   41[BANK0 ] unsigned int 
  counter         1   43[BANK0 ] unsigned char 
 Return value:  Size  Location     Type
                  2   37[BANK0 ] unsigned int 
 Registers used:
		wreg, status,2, status,0
 Tracked objects:
		On entry : 
		On exit  : 
		Unchanged: 
 Data sizes:     COMRAM   BANK0   BANK1   BANK2   BANK3   BANK4   BANK5   BANK6   BANK7
      Params:         0       4       0       0       0       0       0       0       0
      Locals:         0       3       0       0       0       0       0       0       0
      Temps:          0       0       0       0       0       0       0       0       0
      Totals:         0       7       0       0       0       0       0       0       0
Total ram usage:        7 bytes
 Hardware stack levels used:    1
 Hardware stack levels required when called:   12
 This function calls:
		Nothing
 This function is called by:
		_printf
 This function uses a non-reentrant model


 *************** function _D_PWM_Strobe *****************
 Defined at:
		line 364 in file "Drivers/PWM_Driver.c"
 Parameters:    Size  Location     Type
		None
 Auto vars:     Size  Location     Type
		None
 Return value:  Size  Location     Type
                  1    wreg      void 
 Registers used:
		wreg, status,2
 Tracked objects:
		On entry : 
		On exit  : 
		Unchanged: 
 Data sizes:     COMRAM   BANK0   BANK1   BANK2   BANK3   BANK4   BANK5   BANK6   BANK7
      Params:         0       0       0       0       0       0       0       0       0
      Locals:         0       0       0       0       0       0       0       0       0
      Temps:          0       0       0       0       0       0       0       0       0
      Totals:         0       0       0       0       0       0       0       0       0
Total ram usage:        0 bytes
 Hardware stack levels used:    1
 Hardware stack levels required when called:   12
 This function calls:
		Nothing
 This function is called by:
		_handle_message
 This function uses a non-reentrant model


 *************** function _D_PWM_Smooth *****************
 Defined at:
		line 372 in file "Drivers/PWM_Driver.c"
 Parameters:    Size  Location     Type
		None
 Auto vars:     Size  Location     Type
		None
 Return value:  Size  Location     Type
                  1    wreg      void 
 Registers used:
		wreg, status,2
 Tracked objects:
		On entry : 
		On exit  : 
		Unchanged: 
 Data sizes:     COMRAM   BANK0   BANK1   BANK2   BANK3   BANK4   BANK5   BANK6   BANK7
      Params:         0       0       0       0       0       0       0       0       0
      Locals:         0       0       0       0       0       0       0       0       0
      Temps:          0       0       0       0       0       0       0       0       0
      Totals:         0       0       0       0       0       0       0       0       0
Total ram usage:        0 bytes
 Hardware stack levels used:    1
 Hardware stack levels required when called:   12
 This function calls:
		Nothing
 This function is called by:
		_handle_message
 This function uses a non-reentrant model


 *************** function _D_PWM_SetRGB *****************
 Defined at:
		line 323 in file "Drivers/PWM_Driver.c"
[...]
 Hardware stack levels used:    1
 Hardware stack levels required when called:    8
 This function calls:
		i1___lwdiv
		i1___lwmod
		i1_putch
 This function is called by:
		_acknowledge
 This function uses a non-reentrant model


 *************** function i1_putch *****************
 Defined at:
		line 353 in file "Drivers/UART_Driver.c"
 Parameters:    Size  Location     Type
  data            1    wreg     unsigned char 
 Auto vars:     Size  Location     Type
  data            1   27[COMRAM] unsigned char 
 Return value:  Size  Location     Type
                  1    wreg      void 
 Registers used:
		wreg, status,2, cstack
 Tracked objects:
		On entry : 
		On exit  : 
		Unchanged: 
 Data sizes:     COMRAM   BANK0   BANK1   BANK2   BANK3   BANK4   BANK5   BANK6   BANK7
      Params:         0       0       0       0       0       0       0       0       0
      Locals:         1       0       0       0       0       0       0       0       0
      Temps:          0       0       0       0       0       0       0       0       0
      Totals:         1       0       0       0       0       0       0       0       0
Total ram usage:        1 bytes
 Hardware stack levels used:    1
 Hardware stack levels required when called:    7
 This function calls:
		i1_writeByte
 This function is called by:
		i1_printf
 This function uses a non-reentrant model


 *************** function i1_writeByte *****************
 Defined at:
		line 84 in file "Drivers/UART_Driver.c"
 Parameters:    Size  Location     Type
  data            1    wreg     unsigned char 
 Auto vars:     Size  Location     Type
  data            1   26[COMRAM] unsigned char 
 Return value:  Size  Location     Type
                  1    wreg      void 
 Registers used:
		wreg, status,2, cstack
 Tracked objects:
		On entry : 
		On exit  : 
		Unchanged: 
 Data sizes:     COMRAM   BANK0   BANK1   BANK2   BANK3   BANK4   BANK5   BANK6   BANK7
      Params:         0       0       0       0       0       0       0       0       0
      Locals:         1       0       0       0       0       0       0       0       0
      Temps:          0       0       0       0       0       0       0       0       0
      Totals:         1       0       0       0       0       0       0       0       0
Total ram usage:        1 bytes
 Hardware stack levels used:    1
 Hardware stack levels required when called:    6
 This function calls:
		i1_D_UART_Enable
 This function is called by:
		i1_putch
 This function uses a non-reentrant model


 *************** function i1_D_UART_Enable *****************
 Defined at:
		line 319 in file "Drivers/UART_Driver.c"
 Parameters:    Size  Location     Type
  enable          1    wreg     unsigned char 
 Auto vars:     Size  Location     Type
  enable          1   25[COMRAM] unsigned char 
 Return value:  Size  Location     Type
                  1    wreg      void 
 Registers used:
		wreg, status,2
 Tracked objects:
		On entry : 
		On exit  : 
		Unchanged: 
 Data sizes:     COMRAM   BANK0   BANK1   BANK2   BANK3   BANK4   BANK5   BANK6   BANK7
      Params:         0       0       0       0       0       0       0       0       0
      Locals:         1       0       0       0       0       0       0       0       0
      Temps:          0       0       0       0       0       0       0       0       0
      Totals:         1       0       0       0       0       0       0       0       0
Total ram usage:        1 bytes
 Hardware stack levels used:    1
 Hardware stack levels required when called:    5
 This function calls:
		Nothing
 This function is called by:
		_readByte
		i1_writeByte
 This function uses a non-reentrant model


 *************** function i1___lwmod *****************
 Defined at:
		line 8 in file "/opt/microchip/xc8/v1.40/sources/common/lwmod.c"
 Parameters:    Size  Location     Type
  dividend        2    0[BANK0 ] unsigned int 
  divisor         2    2[BANK0 ] unsigned int 
 Auto vars:     Size  Location     Type
  __lwmod         1   32[COMRAM] unsigned char 
 Return value:  Size  Location     Type
                  2    0[BANK0 ] unsigned int 
 Registers used:
		wreg, status,2, status,0
 Tracked objects:
		On entry : 
		On exit  : 
		Unchanged: 
 Data sizes:     COMRAM   BANK0   BANK1   BANK2   BANK3   BANK4   BANK5   BANK6   BANK7
      Params:         0       4       0       0       0       0       0       0       0
      Locals:         1       0       0       0       0       0       0       0       0
      Temps:          0       0       0       0       0       0       0       0       0
      Totals:         1       4       0       0       0       0       0       0       0
Total ram usage:        5 bytes
 Hardware stack levels used:    1
 Hardware stack levels required when called:    5
 This function calls:
		Nothing
 This function is called by:
		i1_printf
 This function uses a non-reentrant model


 *************** function i1___lwdiv *****************
 Defined at:
		line 8 in file "/opt/microchip/xc8/v1.40/sources/common/lwdiv.c"
 Parameters:    Size  Location     Type
  dividend        2   25[COMRAM] unsigned int 
  divisor         2   27[COMRAM] unsigned int 
 Auto vars:     Size  Location     Type
  __lwdiv         2   30[COMRAM] unsigned int 
  __lwdiv         1   29[COMRAM] unsigned char 
 Return value:  Size  Location     Type
                  2   25[COMRAM] unsigned int 
 Registers used:
		wreg, status,2, status,0
 Tracked objects:
		On entry : 
		On exit  : 
		Unchanged: 
 Data sizes:     COMRAM   BANK0   BANK1   BANK2   BANK3   BANK4   BANK5   BANK6   BANK7
      Params:         4       0       0       0       0       0       0       0       0
      Locals:         3       0       0       0       0       0       0       0       0
      Temps:          0       0       0       0       0       0       0       0       0
      Totals:         7       0       0       0       0       0       0       0       0
Total ram usage:        7 bytes
 Hardware stack levels used:    1
 Hardware stack levels required when called:    5
 This function calls:
		Nothing
 This function is called by:
		i1_printf
 This function uses a non-reentrant model


 *************** function _HighISR *****************
 Defined at:
		line 379 in file "Drivers/PWM_Driver.c"
 Parameters:    Size  Location     Type
		None
 Auto vars:     Size  Location     Type
		None
 Return value:  Size  Location     Type
                  1    wreg      void 
 Registers used:
		wreg, status,2, status,0, cstack
 Tracked objects:
		On entry : 
		On exit  : 
		Unchanged: 
 Data sizes:     COMRAM   BANK0   BANK1   BANK2   BANK3   BANK4   BANK5   BANK6   BANK7
      Params:         0       0       0       0       0       0       0       0       0
      Locals:         0       0       0       0       0       0       0       0       0
      Temps:         14       0       0       0       0       0       0       0       0
      Totals:        14       0       0       0       0       0       0       0       0
Total ram usage:       14 bytes
 Hardware stack levels used:    1
 Hardware stack levels required when called:    4
 This function calls:
		_handleState
 This function is called by:
		Interrupt level 2
 This function uses a non-reentrant model


 *************** function _handleState *****************
 Defined at:
		line 234 in file "Drivers/PWM_Driver.c"
 Parameters:    Size  Location     Type
		None
 Auto vars:     Size  Location     Type
		None
 Return value:  Size  Location     Type
                  1    wreg      void 
 Registers used:
		wreg, status,2, status,0, cstack
 Tracked objects:
		On entry : 
		On exit  : 
		Unchanged: 
 Data sizes:     COMRAM   BANK0   BANK1   BANK2   BANK3   BANK4   BANK5   BANK6   BANK7
      Params:         0       0       0       0       0       0       0       0       0
      Locals:         0       0       0       0       0       0       0       0       0
      Temps:          0       0       0       0       0       0       0       0       0
      Totals:         0       0       0       0       0       0       0       0       0
Total ram usage:        0 bytes
 Hardware stack levels used:    1
 Hardware stack levels required when called:    3
 This function calls:
		_fade
		_flash
		_pwmColors
		_smooth
		_strobe2
 This function is called by:
		_HighISR
 This function uses a non-reentrant model


 *************** function _strobe2 *****************
 Defined at:
		line 125 in file "Drivers/PWM_Driver.c"
 Parameters:    Size  Location     Type
		None
 Auto vars:     Size  Location     Type
		None
 Return value:  Size  Location     Type
                  1    wreg      void 
 Registers used:
		wreg, status,2, status,0, cstack
 Tracked objects:
		On entry : 
		On exit  : 
		Unchanged: 
 Data sizes:     COMRAM   BANK0   BANK1   BANK2   BANK3   BANK4   BANK5   BANK6   BANK7
      Params:         0       0       0       0       0       0       0       0       0
      Locals:         0       0       0       0       0       0       0       0       0
      Temps:          5       0       0       0       0       0       0       0       0
      Totals:         5       0       0       0       0       0       0       0       0
Total ram usage:        5 bytes
 Hardware stack levels used:    1
 Hardware stack levels required when called:    2
 This function calls:
		i2_setRGB
 This function is called by:
		_handleState
 This function uses a non-reentrant model


 *************** function _smooth *****************
 Defined at:
		line 195 in file "Drivers/PWM_Driver.c"
 Parameters:    Size  Location     Type
		None
 Auto vars:     Size  Location     Type
		None
 Return value:  Size  Location     Type
                  1    wreg      void 
 Registers used:
		wreg, status,2, status,0, cstack
 Tracked objects:
		On entry : 
		On exit  : 
		Unchanged: 
 Data sizes:     COMRAM   BANK0   BANK1   BANK2   BANK3   BANK4   BANK5   BANK6   BANK7
      Params:         0       0       0       0       0       0       0       0       0
      Locals:         0       0       0       0       0       0       0       0       0
      Temps:          6       0       0       0       0       0       0       0       0
      Totals:         6       0       0       0       0       0       0       0       0
Total ram usage:        6 bytes
 Hardware stack levels used:    1
 Hardware stack levels required when called:    2
 This function calls:
		i2_setRGB
 This function is called by:
		_handleState
 This function uses a non-reentrant model


 *************** function _pwmColors *****************
 Defined at:
		line 48 in file "Drivers/PWM_Driver.c"
 Parameters:    Size  Location     Type
  birghtness      1    wreg     unsigned char 
 Auto vars:     Size  Location     Type
  birghtness      1    2[COMRAM] unsigned char 
 Return value:  Size  Location     Type
                  1    wreg      void 
 Registers used:
		wreg, status,2, status,0
 Tracked objects:
		On entry : 
		On exit  : 
		Unchanged: 
 Data sizes:     COMRAM   BANK0   BANK1   BANK2   BANK3   BANK4   BANK5   BANK6   BANK7
      Params:         0       0       0       0       0       0       0       0       0
      Locals:         1       0       0       0       0       0       0       0       0
      Temps:          2       0       0       0       0       0       0       0       0
      Totals:         3       0       0       0       0       0       0       0       0
Total ram usage:        3 bytes
 Hardware stack levels used:    1
 This function calls:
		Nothing
 This function is called by:
		_handleState
 This function uses a non-reentrant model


 *************** function _flash *****************
 Defined at:
		line 74 in file "Drivers/PWM_Driver.c"
 Parameters:    Size  Location     Type
		None
 Auto vars:     Size  Location     Type
		None
 Return value:  Size  Location     Type
                  1    wreg      void 
 Registers used:
		wreg, status,2, status,0, cstack
 Tracked objects:
		On entry : 
		On exit  : 
		Unchanged: 
 Data sizes:     COMRAM   BANK0   BANK1   BANK2   BANK3   BANK4   BANK5   BANK6   BANK7
      Params:         0       0       0       0       0       0       0       0       0
      Locals:         0       0       0       0       0       0       0       0       0
      Temps:          6       0       0       0       0       0       0       0       0
      Totals:         6       0       0       0       0       0       0       0       0
Total ram usage:        6 bytes
 Hardware stack levels used:    1
 Hardware stack levels required when called:    2
 This function calls:
		i2_setRGB
 This function is called by:
		_handleState
 This function uses a non-reentrant model


 *************** function _fade *****************
 Defined at:
		line 145 in file "Drivers/PWM_Driver.c"
 Parameters:    Size  Location     Type
		None
 Auto vars:     Size  Location     Type
		None
 Return value:  Size  Location     Type
                  1    wreg      void 
 Registers used:
		wreg, status,2, status,0, cstack
 Tracked objects:
		On entry : 
		On exit  : 
		Unchanged: 
 Data sizes:     COMRAM   BANK0   BANK1   BANK2   BANK3   BANK4   BANK5   BANK6   BANK7
      Params:         0       0       0       0       0       0       0       0       0
      Locals:         0       0       0       0       0       0       0       0       0
      Temps:          0       0       0       0       0       0       0       0       0
      Totals:         0       0       0       0       0       0       0       0       0
Total ram usage:        0 bytes
 Hardware stack levels used:    1
 Hardware stack levels required when called:    2
 This function calls:
		i2_setRGB
 This function is called by:
		_handleState
 This function uses a non-reentrant model


 *************** function i2_setRGB *****************
 Defined at:
		line 42 in file "Drivers/PWM_Driver.c"
 Parameters:    Size  Location     Type
  r               1    wreg     unsigned char 
  g               1    2[COMRAM] unsigned char 
  b               1    3[COMRAM] unsigned char 
 Auto vars:     Size  Location     Type
  r               1    4[COMRAM] unsigned char 
 Return value:  Size  Location     Type
                  1    wreg      void 
 Registers used:
		wreg, status,2, status,0, cstack
 Tracked objects:
		On entry : 
		On exit  : 
		Unchanged: 
 Data sizes:     COMRAM   BANK0   BANK1   BANK2   BANK3   BANK4   BANK5   BANK6   BANK7
      Params:         2       0       0       0       0       0       0       0       0
      Locals:         1       0       0       0       0       0       0       0       0
      Temps:          0       0       0       0       0       0       0       0       0
      Totals:         3       0       0       0       0       0       0       0       0
Total ram usage:        3 bytes
 Hardware stack levels used:    1
 Hardware stack levels required when called:    1
 This function calls:
		i2_D_PWM_SetDuty
 This function is called by:
		_flash
		_strobe2
		_fade
		_smooth
 This function uses a non-reentrant model


 *************** function i2_D_PWM_SetDuty *****************
 Defined at:
		line 307 in file "Drivers/PWM_Driver.c"
 Parameters:    Size  Location     Type
  which           1    wreg     unsigned char 
  duty            1    0[COMRAM] unsigned char 
 Auto vars:     Size  Location     Type
  which           1    1[COMRAM] unsigned char 
 Return value:  Size  Location     Type
                  1    wreg      void 
 Registers used:
		wreg, status,2, status,0
 Tracked objects:
		On entry : 
		On exit  : 
		Unchanged: 
 Data sizes:     COMRAM   BANK0   BANK1   BANK2   BANK3   BANK4   BANK5   BANK6   BANK7
      Params:         1       0       0       0       0       0       0       0       0
      Locals:         1       0       0       0       0       0       0       0       0
      Temps:          0       0       0       0       0       0       0       0       0
      Totals:         2       0       0       0       0       0       0       0       0
Total ram usage:        2 bytes
 Hardware stack levels used:    1
 This function calls:
		Nothing
 This function is called by:
		i2_setRGB
 This function uses a non-reentrant model



MODULE INFORMATION

Module		Function		Class		Link	Load	Size
Drivers/PORT_Driver.c
		_D_PORT_Init   		CODE           	2122	0000	31

Drivers/PORT_Driver.c estimated size: 31

Drivers/UART_Driver.c
		_readByte      		CODE           	204A	0000	43
		_D_UART_WriteInt		CODE           	1416	0000	225
		_D_UART_BlockLength		CODE           	21EE	0000	7
		_LowISR        		CODE           	0018	0000	157
		_putch         		CODE           	218E	0000	15
		_D_UART_Read   		CODE           	1F6A	0000	75
		_D_UART_Init   		CODE           	16A2	0000	171
		_fillDataBuffer		CODE           	0B84	0000	679
		_D_UART_Write  		CODE           	15CE	0000	213
		_D_UART_ReadBlock		CODE           	1E08	0000	93
		_D_UART_Enable 		CODE           	2074	0000	39
		_writeByte     		CODE           	215A	0000	21
		_acknowledge   		CODE           	1B9E	0000	111

Drivers/UART_Driver.c estimated size: 1849

/opt/microchip/xc8/v1.40/sources/common/lwmod.c
		___lwmod       		CODE           	1D48	0000	99

/opt/microchip/xc8/v1.40/sources/common/lwmod.c estimated size: 99

Drivers/TIMER0_Driver.c
		_D_TIMER0_Init 		CODE           	17F4	0000	161
		_D_TIMER0_Enable		CODE           	20BE	0000	35

Drivers/TIMER0_Driver.c estimated size: 196

shared
		i1_printf      		CODE           	1094	0000	617
		i2_D_PWM_SetDuty		CODE           	201E	0000	45
		i1_writeByte   		CODE           	216E	0000	19
		i1_putch       		CODE           	21BA	0000	11
		i1___lwdiv     		CODE           	1F18	0000	83
		_dpowers       		SMALLCONST     	0801	0000	11
		i2_setRGB      		CODE           	20E0	0000	35
		i1___lwmod     		CODE           	1E64	0000	93
		__initialization		CODE           	1C7A	0000	93
		_hexpowers     		SMALLCONST     	080B	0000	9
		i1_D_UART_Enable		CODE           	2102	0000	33

shared estimated size: 1049

/opt/microchip/xc8/v1.40/sources/common/strcmp.c
		_strcmp        		CODE           	1EC0	0000	89

/opt/microchip/xc8/v1.40/sources/common/strcmp.c estimated size: 89

Drivers/PWM_Driver.c
		_handleState   		CODE           	1C0C	0000	111
		_D_PWM_Enable  		CODE           	2180	0000	15
		_fade          		CODE           	1A30	0000	125
		_strobe2       		CODE           	1AAC	0000	123
		_D_PWM_ScaleDown		CODE           	21B0	0000	11
		_setRGB        		CODE           	209A	0000	37
		_flash         		CODE           	174C	0000	169
		_D_PWM_GetRed  		CODE           	21D0	0000	7
		_D_PWM_GetBlue 		CODE           	21DC	0000	7
		_smooth        		CODE           	14F6	0000	217
		_D_PWM_GetScale		CODE           	21F8	0000	5
		_D_PWM_GetState		CODE           	21F4	0000	5
		_D_PWM_GetGreen		CODE           	21D6	0000	7
		_D_PWM_SetRGB  		CODE           	2140	0000	27
		_D_PWM_Strobe  		CODE           	21C4	0000	7
		_D_PWM_Smooth  		CODE           	21CA	0000	7
		_D_PWM_Fade    		CODE           	21E8	0000	7
		_D_PWM_Flash   		CODE           	21E2	0000	7
		_pwmColors     		CODE           	19B4	0000	125
		_D_PWM_ScaleUp 		CODE           	21A6	0000	11
		_D_PWM_Init    		CODE           	1FB4	0000	59
		_D_PWM_SetDuty 		CODE           	1FEE	0000	49
		_HighISR       		CODE           	0008	0000	143

Drivers/PWM_Driver.c estimated size: 1281

/opt/microchip/xc8/v1.40/sources/common/doprnt.c
		_printf        		CODE           	0E2A	0000	619

/opt/microchip/xc8/v1.40/sources/common/doprnt.c estimated size: 619

/opt/microchip/xc8/v1.40/sources/common/lwdiv.c
		___lwdiv       		CODE           	1B26	0000	121

/opt/microchip/xc8/v1.40/sources/common/lwdiv.c estimated size: 121

main.c
		_main          		CODE           	1894	0000	153
		_handle_message		CODE           	0868	0000	797
		_initialize    		CODE           	1CE4	0000	101
		_strToInt      		CODE           	1DAA	0000	95

main.c estimated size: 1146

/opt/microchip/xc8/v1.40/sources/common/aldiv.c
		___aldiv       		CODE           	12FC	0000	283

/opt/microchip/xc8/v1.40/sources/common/aldiv.c estimated size: 283

