Microchip MPLAB XC8 Compiler V1.40 ()

Linker command line:

-W-3 --edf=/opt/microchip/xc8/v1.40/dat/en_msgs.txt -cs \
  -h+dist/default/production/LedController.X.production.sym \
  --cmf=dist/default/production/LedController.X.production.cmf -z -Q18F2550 \
  -o/tmp/xcXBZ6Egk -Mdist/default/production/LedController.X.production.map \
  -E1 -ver=XC8 -ASTACK=012Ah-07ffh -pstack=STACK -ACODE=00h-07FFFh \
  -ACONST=00h-07FFFh -ASMALLCONST=0800h-08FFhx120 \
  -AMEDIUMCONST=0800h-07FFFh -ACOMRAM=01h-05Fh -AABS1=00h-07FFh \
  -ABIGRAM=01h-07FFh -ARAM=060h-0FFh,0100h-01FFhx7 -ABANK0=060h-0FFh \
  -ABANK1=0100h-01FFh -ABANK2=0200h-02FFh -ABANK3=0300h-03FFh \
  -ABANK4=0400h-04FFh -ABANK5=0500h-05FFh -ABANK6=0600h-06FFh \
  -ABANK7=0700h-07FFh -ASFR=0F60h-0FFFh \
  -preset_vec=00h,intcode=08h,intcodelo=018h,powerup,init -pramtop=0800h \
  -psmallconst=SMALLCONST -pmediumconst=MEDIUMCONST -pconst=CONST \
  -AFARRAM=00h-00h -ACONFIG=0300000h-030000Dh -pconfig=CONFIG \
  -AIDLOC=0200000h-0200007h -pidloc=IDLOC -AEEDATA=0F00000h-0F000FFh \
  -peeprom_data=EEDATA \
  -prdata=COMRAM,nvrram=COMRAM,nvbit=COMRAM,rbss=COMRAM,rbit=COMRAM \
  -pfarbss=FARRAM,fardata=FARRAM,nvFARRAM=FARRAM \
  -pintsave_regs=BIGRAM,bigbss=BIGRAM,bigdata=BIGRAM -pbss=RAM \
  -pidata=CODE,irdata=CODE,ibigdata=CODE,ifardata=CODE -prparam=COMRAM \
  /tmp/xcXGCB4Kj.obj dist/default/production/LedController.X.production.obj 

Object code version is 3.11

Machine type is 18F2550

Call graph: (short form)




                Name                               Link     Load   Length Selector   Space Scale
/tmp/xcXGCB4Kj.obj
                init                                 B4       B4        4        C       0
                reset_vec                             0        0        4        0       0
                idloc                            200000   200000        8   200000       0
                config                           300000   300000        E   300000       0
dist/default/production/LedController.X.production.obj
                intcodelo                            18       18       9C        C       0
                intcode                               8        8        6        4       0
                temp                                 46       46        1        1       1
                smallconst                          800      800       68      400       0
                text55                             1FDC     1FDC       2C      434       0
                text54                             209E     209E       22      434       0
                text53                             1A54     1A54       7C      434       0
                text52                             1770     1770       A8      434       0
                text51                             19D8     19D8       7C      434       0
                text50                             151A     151A       D8      434       0
                text49                             1F78     1F78       34      434       0
                text48                             1BB6     1BB6       6E      434       0
                intcode_body                       1950     1950       88      434       0
                text46                             1E5A     1E5A       52      434       0
                text45                             1EF6     1EF6       48      434       0
                text44                             20C0     20C0       20      434       0
                text43                             212C     212C       12      434       0
                text42                             2178     2178        A      434       0
                text41                             10BC     10BC      264      434       0
                text40                             1B48     1B48       6E      434       0
                text39                              B84      B84      2CE      434       0
                text38                             2008     2008       2A      434       0
                text36                             21AC     21AC        6      434       0
                text35                             1EAC     1EAC       4A      434       0
                text34                             1DA6     1DA6       5C      434       0
                text33                             21A6     21A6        6      434       0
                text32                             21A0     21A0        6      434       0
                text31                             219A     219A        6      434       0
                text30                             2194     2194        6      434       0
                text29                             218E     218E        6      434       0
                text28                             21B6     21B6        4      434       0
                text27                             21B2     21B2        4      434       0
                text26                             216E     216E        A      434       0
                text25                             2164     2164        A      434       0
                text24                             1FAC     1FAC       30      434       0
                text23                             2058     2058       24      434       0
                text22                             20FE     20FE       1A      434       0
                text21                             2188     2188        6      434       0
                text20                             2182     2182        6      434       0
                text19                             1AD0     1AD0       78      434       0
                text18                             1C88     1C88       62      434       0
                text17                             2032     2032       26      434       0
                text16                             2118     2118       14      434       0
                text15                             214C     214C        E      434       0
                text14                              E52      E52      26A      434       0
                text13                             143A     143A       E0      434       0
                text12                             1D48     1D48       5E      434       0
                text11                             1E02     1E02       58      434       0
                text10                              868      868      31C      434       0
                text9                              20E0     20E0       1E      434       0
                text8                              207C     207C       22      434       0
                text7                              213E     213E        E      434       0
                text6                              1818     1818       A0      434       0
                text5                              1F3E     1F3E       3A      434       0
                text4                              1320     1320      11A      434       0
                text3                              16C6     16C6       AA      434       0
                text2                              15F2     15F2       D4      434       0
                text1                              1C24     1C24       64      434       0
                text0                              18B8     18B8       98      434       0
                cstackCOMRAM                          1        1       24        1       1
                cstackBANK0                          C0       C0       24       60       1
                cstackBANK1                         100      100       2A      100       1
                dataBANK0                            E7       E7        2       60       1
                bssBANK0                             60       60       60       60       1
                dataCOMRAM                           3C       3C        A        1       1
                bssCOMRAM                            25       25       17        1       1
                cinit                              1CEA     1CEA       5E      434       0
                nvBANK0                              E4       E4        3       60       1
                idataBANK0                         21BA     21BA        2      434       0
                idataCOMRAM                        215A     215A        A      434       0

TOTAL           Name                               Link     Load   Length     Space
        CLASS   STACK          

        CLASS   CODE           
                intcodelo                            18       18       9C         0
                intcode                               8        8        6         0
                init                                 B4       B4        4         0
                reset_vec                             0        0        4         0
                text55                             1FDC     1FDC       2C         0
                text54                             209E     209E       22         0
                text53                             1A54     1A54       7C         0
                text52                             1770     1770       A8         0
                text51                             19D8     19D8       7C         0
                text50                             151A     151A       D8         0
                text49                             1F78     1F78       34         0
                text48                             1BB6     1BB6       6E         0
                intcode_body                       1950     1950       88         0
                text46                             1E5A     1E5A       52         0
                text45                             1EF6     1EF6       48         0
                text44                             20C0     20C0       20         0
                text43                             212C     212C       12         0
                text42                             2178     2178        A         0
                text41                             10BC     10BC      264         0
                text40                             1B48     1B48       6E         0
                text39                              B84      B84      2CE         0
                text38                             2008     2008       2A         0
                text36                             21AC     21AC        6         0
                text35                             1EAC     1EAC       4A         0
                text34                             1DA6     1DA6       5C         0
                text33                             21A6     21A6        6         0
                text32                             21A0     21A0        6         0
                text31                             219A     219A        6         0
                text30                             2194     2194        6         0
                text29                             218E     218E        6         0
                text28                             21B6     21B6        4         0
                text27                             21B2     21B2        4         0
                text26                             216E     216E        A         0
                text25                             2164     2164        A         0
                text24                             1FAC     1FAC       30         0
                text23                             2058     2058       24         0
                text22                             20FE     20FE       1A         0
                text21                             2188     2188        6         0
                text20                             2182     2182        6         0
                text19                             1AD0     1AD0       78         0
                text18                             1C88     1C88       62         0
                text17                             2032     2032       26         0
                text16                             2118     2118       14         0
                text15                             214C     214C        E         0
                text14                              E52      E52      26A         0
                text13                             143A     143A       E0         0
                text12                             1D48     1D48       5E         0
                text11                             1E02     1E02       58         0
                text10                              868      868      31C         0
                text9                              20E0     20E0       1E         0
                text8                              207C     207C       22         0
                text7                              213E     213E        E         0
                text6                              1818     1818       A0         0
                text5                              1F3E     1F3E       3A         0
                text4                              1320     1320      11A         0
                text3                              16C6     16C6       AA         0
                text2                              15F2     15F2       D4         0
                text1                              1C24     1C24       64         0
                text0                              18B8     18B8       98         0
                cinit                              1CEA     1CEA       5E         0
                idataBANK0                         21BA     21BA        2         0
                idataCOMRAM                        215A     215A        A         0

        CLASS   CONST          

        CLASS   SMALLCONST     
                smallconst                          800      800       68         0

        CLASS   MEDIUMCONST    

        CLASS   COMRAM         
                temp                                 46       46        1         1
                cstackCOMRAM                          1        1       24         1
                dataCOMRAM                           3C       3C        A         1
                bssCOMRAM                            25       25       17         1

        CLASS   ABS1           

        CLASS   BIGRAM         

        CLASS   RAM            

        CLASS   BANK0          
                cstackBANK0                          C0       C0       24         1
                dataBANK0                            E7       E7        2         1
                bssBANK0                             60       60       60         1
                nvBANK0                              E4       E4        3         1

        CLASS   BANK1          
                cstackBANK1                         100      100       2A         1

        CLASS   BANK2          

        CLASS   BANK3          

        CLASS   BANK4          

        CLASS   BANK5          

        CLASS   BANK6          

        CLASS   BANK7          

        CLASS   SFR            

        CLASS   FARRAM         

        CLASS   CONFIG         
                config                           300000   300000        E         0

        CLASS   IDLOC          
                idloc                            200000   200000        8         0

        CLASS   EEDATA         



SEGMENTS        Name                           Load    Length   Top    Selector   Space  Class

                reset_vec                      000000  000004  000004         0       0  CODE    
                cstackCOMRAM                   000001  000046  000047         1       1  COMRAM  
                intcode                        000008  000006  00000E         4       0  CODE    
                intcodelo                      000018  0000A0  0000B8         C       0  CODE    
                bssBANK0                       000060  000089  0000E9        60       1  BANK0   
                cstackBANK1                    000100  00002A  00012A       100       1  BANK1   
                smallconst                     000800  000068  000868       400       0  SMALLCON
                text10                         000868  001954  0021BC       434       0  CODE    
                idloc                          200000  000008  200008    200000       0  IDLOC   
                config                         300000  00000E  30000E    300000       0  CONFIG  


UNUSED ADDRESS RANGES

        Name                Unused          Largest block    Delta
        BANK0            0000E9-0000FF               17
        BANK1            00012A-0001FF               D6
        BANK2            000200-0002FF              100
        BANK3            000300-0003FF              100
        BANK4            000400-0004FF              100
        BANK5            000500-0005FF              100
        BANK6            000600-0006FF              100
        BANK7            000700-0007FF              100
        BIGRAM           000047-00005F               19
                         0000E9-0000FF               17
                         00012A-0007FF              6D6
        CODE             000004-000007                4
                         00000E-000017                A
                         0000B8-0007FF              748
                         0021BC-007FFF             5E44
        COMRAM           000047-00005F               19
        CONST            000004-000007                4
                         00000E-000017                A
                         0000B8-0007FF              748
                         0021BC-007FFF             5E44
        EEDATA           F00000-F000FF              100
        MEDIUMCONST      0021BC-007FFF             5E44
        RAM              0000E9-0000FF               17
                         00012A-0007FF              100
        SFR              000F60-000FFF               A0
        SMALLCONST       0021BC-007FFF              100
        STACK            00012A-0007FF              6D6

                                  Symbol Table

?_D_UART_Read                cstackBANK1  000100
?_D_UART_ReadBlock           cstackBANK1  000100
?___aldiv                    cstackBANK1  000100
?___lwdiv                    cstackBANK1  000100
?___lwmod                    cstackBANK1  000107
?_printf                     cstackBANK1  00010C
?_strcmp                     cstackBANK1  000100
?i1___lwdiv                  cstackCOMRAM 00001A
?i1___lwmod                  cstackCOMRAM 000021
?i1_printf                   cstackBANK0  0000C1
D_PWM_Enable@enable          cstackBANK1  000101
D_PWM_SetDuty@duty           cstackBANK1  000100
D_PWM_SetDuty@which          cstackBANK1  000101
D_PWM_SetRGB@b               cstackBANK1  000106
D_PWM_SetRGB@g               cstackBANK1  000105
D_PWM_SetRGB@r               cstackBANK1  000107
D_TIMER0_Enable@enable       cstackBANK1  000100
D_TIMER0_Init@prescale       cstackBANK1  000101
D_UART_Enable@enable         cstackBANK1  000100
D_UART_Init@baud             cstackBANK1  000110
D_UART_Init@interrupts       cstackBANK1  000112
D_UART_Init@name             cstackBANK1  00010E
D_UART_Read@cm               cstackBANK1  000106
D_UART_ReadBlock@cm          cstackBANK1  000108
D_UART_ReadBlock@cnt         cstackBANK1  000107
D_UART_Write@command         cstackBANK1  00011C
D_UART_Write@data            cstackBANK1  00011E
D_UART_WriteInt@command      cstackBANK1  00011C
D_UART_WriteInt@data         cstackBANK1  00011E
_ADCON1                      (abs)        000FC1
_BAUDCONbits                 (abs)        000FB8
_D_PORT_Init                 text9        0020E0
_D_PWM_Enable                text7        00213E
_D_PWM_Fade                  text33       0021A6
_D_PWM_Flash                 text32       0021A0
_D_PWM_GetBlue               text31       00219A
_D_PWM_GetGreen              text30       002194
_D_PWM_GetRed                text29       00218E
_D_PWM_GetScale              text28       0021B6
_D_PWM_GetState              text27       0021B2
_D_PWM_Init                  text5        001F3E
_D_PWM_ScaleDown             text26       00216E
_D_PWM_ScaleUp               text25       002164
_D_PWM_SetDuty               text24       001FAC
_D_PWM_SetRGB                text22       0020FE
_D_PWM_Smooth                text21       002188
_D_PWM_Strobe                text20       002182
_D_TIMER0_Enable             text8        00207C
_D_TIMER0_Flag               bssCOMRAM    00002B
_D_TIMER0_Init               text6        001818
_D_UART_BlockLength          text36       0021AC
_D_UART_Enable               text17       002032
_D_UART_Init                 text3        0016C6
_D_UART_Init$1748            cstackBANK1  000113
_D_UART_Read                 text35       001EAC
_D_UART_ReadBlock            text34       001DA6
_D_UART_ReadFlag             bssBANK0     00007D
_D_UART_Write                text2        0015F2
_D_UART_WriteInt             text13       00143A
_HighISR                     intcode      000008
_INTCON2bits                 (abs)        000FF1
_INTCONbits                  (abs)        000FF2
_IPR1bits                    (abs)        000F9F
_LowISR                      intcodelo    000018
_PIE1bits                    (abs)        000F9D
_PIR1bits                    (abs)        000F9E
_PORTA                       (abs)        000F80
_PORTB                       (abs)        000F81
_PORTBbits                   (abs)        000F81
_PORTC                       (abs)        000F82
_PWM_Blue                    bssBANK0     000077
_PWM_Green                   bssBANK0     000079
_PWM_Red                     bssBANK0     00007B
_RCONbits                    (abs)        000FD0
_RCREG                       (abs)        000FAE
_RCSTAbits                   (abs)        000FAB
_SPBRG                       (abs)        000FAF
_T0CONbits                   (abs)        000FD5
_TMR0H                       (abs)        000FD7
_TMR0L                       (abs)        000FD6
_TRISA                       (abs)        000F92
_TRISB                       (abs)        000F93
_TRISBbits                   (abs)        000F93
_TRISC                       (abs)        000F94
_TRISCbits                   (abs)        000F94
_TXREG                       (abs)        000FAD
_TXSTAbits                   (abs)        000FAC
__CFG_BOR$ON                 (abs)        000000
__CFG_BORV$3                 (abs)        000000
__CFG_CCP2MX$OFF             (abs)        000000
__CFG_CP0$OFF                (abs)        000000
__CFG_CP1$OFF                (abs)        000000
__CFG_CP2$OFF                (abs)        000000
__CFG_CP3$OFF                (abs)        000000
__CFG_CPB$OFF                (abs)        000000
__CFG_CPD$OFF                (abs)        000000
__CFG_CPUDIV$OSC1_PLL2       (abs)        000000
__CFG_EBTR0$OFF              (abs)        000000
__CFG_EBTR1$OFF              (abs)        000000
__CFG_EBTR2$OFF              (abs)        000000
__CFG_EBTR3$OFF              (abs)        000000
__CFG_EBTRB$OFF              (abs)        000000
__CFG_FCMEN$OFF              (abs)        000000
__CFG_FOSC$HSPLL_HS          (abs)        000000
__CFG_IESO$OFF               (abs)        000000
__CFG_LPT1OSC$OFF            (abs)        000000
__CFG_LVP$OFF                (abs)        000000
__CFG_MCLRE$ON               (abs)        000000
__CFG_PBADEN$OFF             (abs)        000000
__CFG_PLLDIV$4               (abs)        000000
__CFG_PWRT$OFF               (abs)        000000
__CFG_STVREN$OFF             (abs)        000000
__CFG_USBDIV$1               (abs)        000000
__CFG_VREGEN$OFF             (abs)        000000
__CFG_WDT$OFF                (abs)        000000
__CFG_WDTPS$32768            (abs)        000000
__CFG_WRT0$OFF               (abs)        000000
__CFG_WRT1$OFF               (abs)        000000
__CFG_WRT2$OFF               (abs)        000000
__CFG_WRT3$OFF               (abs)        000000
__CFG_WRTB$OFF               (abs)        000000
__CFG_WRTC$OFF               (abs)        000000
__CFG_WRTD$OFF               (abs)        000000
__CFG_XINST$OFF              (abs)        000000
__HRAM                       (abs)        000000
__Habs1                      abs1         000000
__Hbank0                     bank0        000000
__Hbank1                     bank1        000000
__Hbank2                     bank2        000000
__Hbank3                     bank3        000000
__Hbank4                     bank4        000000
__Hbank5                     bank5        000000
__Hbank6                     bank6        000000
__Hbank7                     bank7        000000
__Hbigbss                    bigbss       000000
__Hbigdata                   bigdata      000000
__Hbigram                    bigram       000000
__Hbss                       bss          000000
__HbssBANK0                  bssBANK0     000000
__HbssCOMRAM                 bssCOMRAM    000000
__Hcinit                     cinit        000000
__Hclrtext                   clrtext      000000
__Hcomram                    comram       000000
__Hconfig                    config       30000E
__Hconst                     const        000000
__HcstackBANK0               cstackBANK0  000000
__HcstackBANK1               cstackBANK1  000000
__HcstackCOMRAM              cstackCOMRAM 000000
__Hdata                      data         000000
__HdataBANK0                 dataBANK0    000000
__HdataCOMRAM                dataCOMRAM   000000
__Heeprom_data               eeprom_data  000000
__Hfarbss                    farbss       000000
__Hfardata                   fardata      000000
__Hibigdata                  ibigdata     000000
__Hidata                     idata        000000
__HidataBANK0                idataBANK0   000000
__HidataCOMRAM               idataCOMRAM  000000
__Hidloc                     idloc        200008
__Hifardata                  ifardata     000000
__Hinit                      init         0000B8
__Hintcode                   intcode      00000E
__Hintcode_body              intcode_body 000000
__Hintcodelo                 intcodelo    0000B4
__Hintentry                  intentry     000000
__Hintret                    intret       000000
__Hintsave_regs              intsave_regs 000000
__Hirdata                    irdata       000000
__Hmediumconst               mediumconst  000000
__HnvBANK0                   nvBANK0      000000
__HnvFARRAM                  nvFARRAM     000000
__Hnvbit                     nvbit        000000
__Hnvrram                    nvrram       000000
__Hparam                     rparam       000000
__Hpowerup                   powerup      0000B4
__Hram                       ram          000000
__Hramtop                    ramtop       000800
__Hrbit                      rbit         000000
__Hrbss                      rbss         000000
__Hrdata                     rdata        000000
__Hreset_vec                 reset_vec    000004
__Hrparam                    rparam       000000
__Hsfr                       sfr          000000
__Hsmallconst                smallconst   000868
__Hspace_0                   (abs)        30000E
__Hspace_1                   (abs)        00012A
__Hspace_2                   (abs)        000000
__Hstack                     stack        000000
__Hstruct                    struct       000000
__Htemp                      temp         000047
__Htext                      text         000000
__Htext0                     text0        000000
__Htext1                     text1        000000
__Htext10                    text10       000000
__Htext11                    text11       000000
__Htext12                    text12       000000
__Htext13                    text13       000000
__Htext14                    text14       000000
__Htext15                    text15       000000
__Htext16                    text16       000000
__Htext17                    text17       000000
__Htext18                    text18       000000
__Htext19                    text19       000000
__Htext2                     text2        000000
__Htext20                    text20       000000
__Htext21                    text21       000000
__Htext22                    text22       000000
__Htext23                    text23       000000
__Htext24                    text24       000000
__Htext25                    text25       000000
__Htext26                    text26       000000
__Htext27                    text27       000000
__Htext28                    text28       000000
__Htext29                    text29       000000
__Htext3                     text3        000000
__Htext30                    text30       000000
__Htext31                    text31       000000
__Htext32                    text32       000000
__Htext33                    text33       000000
__Htext34                    text34       000000
__Htext35                    text35       000000
__Htext36                    text36       000000
__Htext38                    text38       000000
__Htext39                    text39       000000
__Htext4                     text4        000000
__Htext40                    text40       000000
__Htext41                    text41       000000
__Htext42                    text42       000000
__Htext43                    text43       000000
__Htext44                    text44       000000
__Htext45                    text45       000000
__Htext46                    text46       000000
__Htext48                    text48       000000
__Htext49                    text49       000000
__Htext5                     text5        000000
__Htext50                    text50       000000
__Htext51                    text51       000000
__Htext52                    text52       000000
__Htext53                    text53       000000
__Htext54                    text54       000000
__Htext55                    text55       000000
__Htext6                     text6        000000
__Htext7                     text7        000000
__Htext8                     text8        000000
__Htext9                     text9        000000
__LRAM                       (abs)        000001
__Labs1                      abs1         000000
__Lbank0                     bank0        000000
__Lbank1                     bank1        000000
__Lbank2                     bank2        000000
__Lbank3                     bank3        000000
__Lbank4                     bank4        000000
__Lbank5                     bank5        000000
__Lbank6                     bank6        000000
__Lbank7                     bank7        000000
__Lbigbss                    bigbss       000000
__Lbigdata                   bigdata      000000
__Lbigram                    bigram       000000
__Lbss                       bss          000000
__LbssBANK0                  bssBANK0     000000
__LbssCOMRAM                 bssCOMRAM    000000
__Lcinit                     cinit        000000
__Lclrtext                   clrtext      000000
__Lcomram                    comram       000000
__Lconfig                    config       300000
__Lconst                     const        000000
__LcstackBANK0               cstackBANK0  000000
__LcstackBANK1               cstackBANK1  000000
__LcstackCOMRAM              cstackCOMRAM 000000
__Ldata                      data         000000
__LdataBANK0                 dataBANK0    000000
__LdataCOMRAM                dataCOMRAM   000000
__Leeprom_data               eeprom_data  000000
__Lfarbss                    farbss       000000
__Lfardata                   fardata      000000
__Libigdata                  ibigdata     000000
__Lidata                     idata        000000
__LidataBANK0                idataBANK0   000000
__LidataCOMRAM               idataCOMRAM  000000
__Lidloc                     idloc        200000
__Lifardata                  ifardata     000000
__Linit                      init         0000B4
__Lintcode                   intcode      000008
__Lintcode_body              intcode_body 000000
__Lintcodelo                 intcodelo    000018
__Lintentry                  intentry     000000
__Lintret                    intret       000000
__Lintsave_regs              intsave_regs 000000
__Lirdata                    irdata       000000
__Lmediumconst               mediumconst  000000
__LnvBANK0                   nvBANK0      000000
__LnvFARRAM                  nvFARRAM     000000
__Lnvbit                     nvbit        000000
__Lnvrram                    nvrram       000000
__Lparam                     rparam       000000
__Lpowerup                   powerup      0000B4
__Lram                       ram          000000
__Lramtop                    ramtop       000800
__Lrbit                      rbit         000000
__Lrbss                      rbss         000000
__Lrdata                     rdata        000000
__Lreset_vec                 reset_vec    000000
__Lrparam                    rparam       000000
__Lsfr                       sfr          000000
__Lsmallconst                smallconst   000800
__Lspace_0                   (abs)        000000
__Lspace_1                   (abs)        000000
__Lspace_2                   (abs)        000000
__Lstack                     stack        000000
__Lstruct                    struct       000000
__Ltemp                      temp         000046
__Ltext                      text         000000
__Ltext0                     text0        000000
__Ltext1                     text1        000000
__Ltext10                    text10       000000
__Ltext11                    text11       000000
__Ltext12                    text12       000000
__Ltext13                    text13       000000
__Ltext14                    text14       000000
__Ltext15                    text15       000000
__Ltext16                    text16       000000
__Ltext17                    text17       000000
__Ltext18                    text18       000000
__Ltext19                    text19       000000
__Ltext2                     text2        000000
__Ltext20                    text20       000000
__Ltext21                    text21       000000
__Ltext22                    text22       000000
__Ltext23                    text23       000000
__Ltext24                    text24       000000
__Ltext25                    text25       000000
__Ltext26                    text26       000000
__Ltext27                    text27       000000
__Ltext28                    text28       000000
__Ltext29                    text29       000000
__Ltext3                     text3        000000
__Ltext30                    text30       000000
__Ltext31                    text31       000000
__Ltext32                    text32       000000
__Ltext33                    text33       000000
__Ltext34                    text34       000000
__Ltext35                    text35       000000
__Ltext36                    text36       000000
__Ltext38                    text38       000000
__Ltext39                    text39       000000
__Ltext4                     text4        000000
__Ltext40                    text40       000000
__Ltext41                    text41       000000
__Ltext42                    text42       000000
__Ltext43                    text43       000000
__Ltext44                    text44       000000
__Ltext45                    text45       000000
__Ltext46                    text46       000000
__Ltext48                    text48       000000
__Ltext49                    text49       000000
__Ltext5                     text5        000000
__Ltext50                    text50       000000
__Ltext51                    text51       000000
__Ltext52                    text52       000000
__Ltext53                    text53       000000
__Ltext54                    text54       000000
__Ltext55                    text55       000000
__Ltext6                     text6        000000
__Ltext7                     text7        000000
__Ltext8                     text8        000000
__Ltext9                     text9        000000
__S0                         (abs)        30000E
__S1                         (abs)        00012A
__S2                         (abs)        000000
___aldiv                     text4        001320
___aldiv@counter             cstackBANK1  000108
___aldiv@dividend            cstackBANK1  000100
___aldiv@divisor             cstackBANK1  000104
___aldiv@quotient            cstackBANK1  00010A
___aldiv@sign                cstackBANK1  000109
___inthi_sp                  stack        000000
___intlo_sp                  stack        000000
___lwdiv                     text19       001AD0
___lwdiv@counter             cstackBANK1  000104
___lwdiv@dividend            cstackBANK1  000100
___lwdiv@divisor             cstackBANK1  000102
___lwdiv@quotient            cstackBANK1  000105
___lwmod                     text18       001C88
___lwmod@counter             cstackBANK1  00010B
___lwmod@dividend            cstackBANK1  000107
___lwmod@divisor             cstackBANK1  000109
___param_bank                (abs)        000000
___rparam_used               (abs)        000001
___sp                        stack        000000
__accesstop                  (abs)        000060
__activetblptr               (abs)        000002
__end_of_D_PORT_Init         text9        0020FE
__end_of_D_PWM_Enable        text7        00214C
__end_of_D_PWM_Fade          text33       0021AC
__end_of_D_PWM_Flash         text32       0021A6
__end_of_D_PWM_GetBlue       text31       0021A0
__end_of_D_PWM_GetGreen      text30       00219A
__end_of_D_PWM_GetRed        text29       002194
__end_of_D_PWM_GetScale      text28       0021BA
__end_of_D_PWM_GetState      text27       0021B6
__end_of_D_PWM_Init          text5        001F78
__end_of_D_PWM_ScaleDown     text26       002178
__end_of_D_PWM_ScaleUp       text25       00216E
__end_of_D_PWM_SetDuty       text24       001FDC
__end_of_D_PWM_SetRGB        text22       002118
__end_of_D_PWM_Smooth        text21       00218E
__end_of_D_PWM_Strobe        text20       002188
__end_of_D_TIMER0_Enable     text8        00209E
__end_of_D_TIMER0_Init       text6        0018B8
__end_of_D_UART_BlockLength  text36       0021B2
__end_of_D_UART_Enable       text17       002058
__end_of_D_UART_Init         text3        001770
__end_of_D_UART_Read         text35       001EF6
__end_of_D_UART_ReadBlock    text34       001E02
__end_of_D_UART_Write        text2        0016C6
__end_of_D_UART_WriteInt     text13       00151A
__end_of_HighISR             intcode_body 0019D8
__end_of_LowISR              intcodelo    0000B4
__end_of___aldiv             text4        00143A
__end_of___lwdiv             text19       001B48
__end_of___lwmod             text18       001CEA
__end_of__initialization     cinit        001D3A
__end_of_acknowledge         text40       001BB6
__end_of_dpowers             smallconst   00080B
__end_of_fade                text53       001AD0
__end_of_fillDataBuffer      text39       000E52
__end_of_flash               text52       001818
__end_of_handleState         text48       001C24
__end_of_handle_message      text10       000B84
__end_of_hexpowers           smallconst   000813
__end_of_initialize          text1        001C88
__end_of_main                text0        001950
__end_of_printf              text14       0010BC
__end_of_putch               text15       00215A
__end_of_pwmColors           text51       001A54
__end_of_readByte            text38       002032
__end_of_setRGB              text23       00207C
__end_of_smooth              text50       0015F2
__end_of_strToInt            text12       001DA6
__end_of_strcmp              text11       001E5A
__end_of_strobe              text49       001FAC
__end_of_writeByte           text16       00212C
__end_ofi1_D_UART_Enable     text44       0020E0
__end_ofi1___lwdiv           text46       001EAC
__end_ofi1___lwmod           text45       001F3E
__end_ofi1_printf            text41       001320
__end_ofi1_putch             text42       002182
__end_ofi1_writeByte         text43       00213E
__end_ofi2_D_PWM_SetDuty     text55       002008
__end_ofi2_setRGB            text54       0020C0
__initialization             cinit        001CEA
__mediumconst                mediumconst  000000
__pbssBANK0                  bssBANK0     000060
__pbssCOMRAM                 bssCOMRAM    000025
__pcinit                     cinit        001CEA
__pcstackBANK0               cstackBANK0  0000C0
__pcstackBANK1               cstackBANK1  000100
__pcstackCOMRAM              cstackCOMRAM 000001
__pdataBANK0                 dataBANK0    0000E7
__pdataCOMRAM                dataCOMRAM   00003C
__pidataBANK0                idataBANK0   0021BA
__pidataCOMRAM               idataCOMRAM  00215A
__pintcode                   intcode      000008
__pintcode_body              intcode_body 001950
__pintcodelo                 intcodelo    000018
__pnvBANK0                   nvBANK0      0000E4
__psmallconst                smallconst   000800
__ptext0                     text0        0018B8
__ptext1                     text1        001C24
__ptext10                    text10       000868
__ptext11                    text11       001E02
__ptext12                    text12       001D48
__ptext13                    text13       00143A
__ptext14                    text14       000E52
__ptext15                    text15       00214C
__ptext16                    text16       002118
__ptext17                    text17       002032
__ptext18                    text18       001C88
__ptext19                    text19       001AD0
__ptext2                     text2        0015F2
__ptext20                    text20       002182
__ptext21                    text21       002188
__ptext22                    text22       0020FE
__ptext23                    text23       002058
__ptext24                    text24       001FAC
__ptext25                    text25       002164
__ptext26                    text26       00216E
__ptext27                    text27       0021B2
__ptext28                    text28       0021B6
__ptext29                    text29       00218E
__ptext3                     text3        0016C6
__ptext30                    text30       002194
__ptext31                    text31       00219A
__ptext32                    text32       0021A0
__ptext33                    text33       0021A6
__ptext34                    text34       001DA6
__ptext35                    text35       001EAC
__ptext36                    text36       0021AC
__ptext38                    text38       002008
__ptext39                    text39       000B84
__ptext4                     text4        001320
__ptext40                    text40       001B48
__ptext41                    text41       0010BC
__ptext42                    text42       002178
__ptext43                    text43       00212C
__ptext44                    text44       0020C0
__ptext45                    text45       001EF6
__ptext46                    text46       001E5A
__ptext48                    text48       001BB6
__ptext49                    text49       001F78
__ptext5                     text5        001F3E
__ptext50                    text50       00151A
__ptext51                    text51       0019D8
__ptext52                    text52       001770
__ptext53                    text53       001A54
__ptext54                    text54       00209E
__ptext55                    text55       001FDC
__ptext6                     text6        001818
__ptext7                     text7        00213E
__ptext8                     text8        00207C
__ptext9                     text9        0020E0
__ramtop                     ramtop       000800
__size_of_D_PORT_Init        (abs)        000000
__size_of_D_PWM_Enable       (abs)        000000
__size_of_D_PWM_Fade         (abs)        000000
__size_of_D_PWM_Flash        (abs)        000000
__size_of_D_PWM_GetBlue      (abs)        000000
__size_of_D_PWM_GetGreen     (abs)        000000
__size_of_D_PWM_GetRed       (abs)        000000
__size_of_D_PWM_GetScale     (abs)        000000
__size_of_D_PWM_GetState     (abs)        000000
__size_of_D_PWM_Init         (abs)        000000
__size_of_D_PWM_ScaleDown    (abs)        000000
__size_of_D_PWM_ScaleUp      (abs)        000000
__size_of_D_PWM_SetDuty      (abs)        000000
__size_of_D_PWM_SetRGB       (abs)        000000
__size_of_D_PWM_Smooth       (abs)        000000
__size_of_D_PWM_Strobe       (abs)        000000
__size_of_D_TIMER0_Enable    (abs)        000000
__size_of_D_TIMER0_Init      (abs)        000000
__size_of_D_UART_BlockLength (abs)        000000
__size_of_D_UART_Enable      (abs)        000000
__size_of_D_UART_Init        (abs)        000000
__size_of_D_UART_Read        (abs)        000000
__size_of_D_UART_ReadBlock   (abs)        000000
__size_of_D_UART_Write       (abs)        000000
__size_of_D_UART_WriteInt    (abs)        000000
__size_of_HighISR            (abs)        000000
__size_of_LowISR             (abs)        000000
__size_of___aldiv            (abs)        000000
__size_of___lwdiv            (abs)        000000
__size_of___lwmod            (abs)        000000
__size_of_acknowledge        (abs)        000000
__size_of_fade               (abs)        000000
__size_of_fillDataBuffer     (abs)        000000
__size_of_flash              (abs)        000000
__size_of_handleState        (abs)        000000
__size_of_handle_message     (abs)        000000
__size_of_initialize         (abs)        000000
__size_of_main               (abs)        000000
__size_of_printf             (abs)        000000
__size_of_putch              (abs)        000000
__size_of_pwmColors          (abs)        000000
__size_of_readByte           (abs)        000000
__size_of_setRGB             (abs)        000000
__size_of_smooth             (abs)        000000
__size_of_strToInt           (abs)        000000
__size_of_strcmp             (abs)        000000
__size_of_strobe             (abs)        000000
__size_of_writeByte          (abs)        000000
__size_ofi1_D_UART_Enable    (abs)        000000
__size_ofi1___lwdiv          (abs)        000000
__size_ofi1___lwmod          (abs)        000000
__size_ofi1_printf           (abs)        000000
__size_ofi1_putch            (abs)        000000
__size_ofi1_writeByte        (abs)        000000
__size_ofi2_D_PWM_SetDuty    (abs)        000000
__size_ofi2_setRGB           (abs)        000000
__smallconst                 smallconst   000800
_ackCharacter                dataCOMRAM   00003C
_acknowledge                 text40       001B48
_b                           bssBANK0     00007E
_baud                        bssCOMRAM    00002C
_blockCharacter              dataCOMRAM   00003E
_blockLength                 bssCOMRAM    00002D
_bufferCnt                   bssCOMRAM    00002E
_comMes                      bssBANK0     000060
_deviceName                  nvBANK0      0000E4
_dpowers                     smallconst   000801
_fade                        text53       001A54
_fillDataBuffer              text39       000B84
_flash                       text52       001770
_g                           bssBANK0     00007F
_handleState                 text48       001BB6
_handle_message              text10       000868
_hexpowers                   smallconst   00080B
_initialize                  text1        001C24
_main                        text0        0018B8
_messageCharacter            dataBANK0    0000E7
_printf                      text14       000E52
_putch                       text15       00214C
_pwmColors                   text51       0019D8
_r                           bssBANK0     000080
_read                        bssCOMRAM    000025
_readBuffer                  bssBANK0     000081
_readByte                    text38       002008
_readData                    bssBANK0     000071
_scale                       bssCOMRAM    00002F
_setRGB                      text23       002058
_smooth                      text50       00151A
_startCharacter              dataCOMRAM   000040
_state                       bssCOMRAM    000030
_stopCharacter               dataCOMRAM   000042
_strToInt                    text12       001D48
_strcmp                      text11       001E02
_strobe                      text49       001F78
_writeByte                   text16       002118
btemp                        temp         000046
end_of_initialization        cinit        001D3A
fade@b_cnt                   dataCOMRAM   000044
fade@b_up                    bssCOMRAM    000031
fade@g_cnt                   dataCOMRAM   000045
fade@g_up                    bssCOMRAM    000032
fade@r_cnt                   bssCOMRAM    000033
fade@r_up                    bssCOMRAM    000034
fillDataBuffer@data          cstackBANK0  0000D2
fillDataBuffer@i             cstackBANK0  0000D1
flash@color                  bssCOMRAM    000035
flash@count                  bssCOMRAM    000036
handleState@cnt              bssCOMRAM    000037
handle_message@msg           cstackBANK1  000121
i1D_UART_Enable@enable       cstackCOMRAM 00001A
i1_D_UART_Enable             text44       0020C0
i1___lwdiv                   text46       001E5A
i1___lwdiv@counter           cstackCOMRAM 00001E
i1___lwdiv@dividend          cstackCOMRAM 00001A
i1___lwdiv@divisor           cstackCOMRAM 00001C
i1___lwdiv@quotient          cstackCOMRAM 00001F
i1___lwmod                   text45       001EF6
i1___lwmod@counter           cstackBANK0  0000C0
i1___lwmod@dividend          cstackCOMRAM 000021
i1___lwmod@divisor           cstackCOMRAM 000023
i1_printf                    text41       0010BC
i1_putch                     text42       002178
i1_writeByte                 text43       00212C
i1printf@ap                  cstackBANK0  0000CA
i1printf@c                   cstackBANK0  0000D0
i1printf@f                   cstackBANK0  0000C1
i1printf@flag                cstackBANK0  0000CD
i1printf@idx                 cstackBANK0  0000C9
i1printf@prec                cstackBANK0  0000CC
i1printf@val                 cstackBANK0  0000CE
i1putch@data                 cstackCOMRAM 00001C
i1writeByte@data             cstackCOMRAM 00001B
i2D_PWM_SetDuty@duty         cstackCOMRAM 000001
i2D_PWM_SetDuty@which        cstackCOMRAM 000002
i2_D_PWM_SetDuty             text55       001FDC
i2_setRGB                    text54       00209E
i2setRGB@b                   cstackCOMRAM 000004
i2setRGB@g                   cstackCOMRAM 000003
i2setRGB@r                   cstackCOMRAM 000005
int$flags                    temp         000046
int_func                     intcode_body 001950
intlevel0                    text         000000
intlevel1                    text         000000
intlevel2                    text         000000
intlevel3                    text         000000
main@i                       cstackBANK1  000128
main@length                  cstackBANK1  000129
printf@ap                    cstackBANK1  000115
printf@c                     cstackBANK1  00011B
printf@f                     cstackBANK1  00010C
printf@flag                  cstackBANK1  000118
printf@idx                   cstackBANK1  000114
printf@prec                  cstackBANK1  000117
printf@val                   cstackBANK1  000119
putch@data                   cstackBANK1  000102
pwmColors@birghtness         cstackCOMRAM 000003
readByte@dum                 cstackCOMRAM 00001B
setRGB@b                     cstackBANK1  000103
setRGB@g                     cstackBANK1  000102
setRGB@r                     cstackBANK1  000104
smooth@color                 bssCOMRAM    000038
smooth@count                 bssCOMRAM    000039
stackhi                      (abs)        0007FF
stacklo                      (abs)        00012A
start                        init         0000B4
start_initialization         cinit        001CEA
strToInt@shift               cstackBANK1  000103
strToInt@str                 cstackBANK1  000100
strToInt@tmp                 cstackBANK1  000102
strToInt@val                 cstackBANK1  000104
strcmp@r                     cstackBANK1  000105
strcmp@s1                    cstackBANK1  000100
strcmp@s2                    cstackBANK1  000102
strobe@cnt                   bssCOMRAM    00003A
strobe@up                    bssCOMRAM    00003B
writeByte@data               cstackBANK1  000101


FUNCTION INFORMATION:

 *************** function _main *****************
 Defined at:
		line 65 in file "main.c"
 Parameters:    Size  Location     Type
		None
 Auto vars:     Size  Location     Type
  i               1   40[BANK1 ] unsigned char 
  length          1   41[BANK1 ] unsigned char 
 Return value:  Size  Location     Type
                  1    wreg      void 
 Registers used:
		wreg, fsr0l, fsr0h, fsr1l, fsr1h, fsr2l, fsr2h, status,2, status,0, tblptrl, tblptrh, tblptru, prodl, prodh, cstack
 Tracked objects:
		On entry : 
		On exit  : 
		Unchanged: 
 Data sizes:     COMRAM   BANK0   BANK1   BANK2   BANK3   BANK4   BANK5   BANK6   BANK7
      Params:         0       0       0       0       0       0       0       0       0
      Locals:         0       0       2       0       0       0       0       0       0
      Temps:          0       0       0       0       0       0       0       0       0
      Totals:         0       0       2       0       0       0       0       0       0
Total ram usage:        2 bytes
 Hardware stack levels required when called:   18
 This function calls:
		_D_PWM_SetRGB
		_D_UART_BlockLength
		_D_UART_Read
		_D_UART_ReadBlock
		_handle_message
		_initialize
 This function is called by:
		Startup code after reset
 This function uses a non-reentrant model


 *************** function _initialize *****************
 Defined at:
		line 46 in file "main.c"
 Parameters:    Size  Location     Type
		None
 Auto vars:     Size  Location     Type
		None
 Return value:  Size  Location     Type
                  1    wreg      void 
 Registers used:
		wreg, fsr2l, fsr2h, status,2, status,0, tblptrl, tblptrh, tblptru, prodl, prodh, cstack
 Tracked objects:
		On entry : 
		On exit  : 
		Unchanged: 
 Data sizes:     COMRAM   BANK0   BANK1   BANK2   BANK3   BANK4   BANK5   BANK6   BANK7
      Params:         0       0       0       0       0       0       0       0       0
      Locals:         0       0       0       0       0       0       0       0       0
      Temps:          0       0       0       0       0       0       0       0       0
      Totals:         0       0       0       0       0       0       0       0       0
Total ram usage:        0 bytes
 Hardware stack levels used:    1
 Hardware stack levels required when called:   17
 This function calls:
		_D_PORT_Init
		_D_PWM_Enable
		_D_PWM_Init
		_D_UART_Enable
		_D_UART_Init
		_D_UART_Write
 This function is called by:
		_main
 This function uses a non-reentrant model


 *************** function _D_UART_Write *****************
 Defined at:
		line 271 in file "Drivers/UART_Driver.c"
 Parameters:    Size  Location     Type
  command         2   28[BANK1 ] PTR const unsigned char 
		 -> STR_13(2), 
  data            2   30[BANK1 ] PTR const unsigned char 
		 -> STR_14(5), 
 Auto vars:     Size  Location     Type
		None
 Return value:  Size  Location     Type
                  1    wreg      void 
 Registers used:
		wreg, fsr2l, fsr2h, status,2, status,0, tblptrl, tblptrh, tblptru, prodl, prodh, cstack
 Tracked objects:
		On entry : 
		On exit  : 
		Unchanged: 
 Data sizes:     COMRAM   BANK0   BANK1   BANK2   BANK3   BANK4   BANK5   BANK6   BANK7
      Params:         0       0       4       0       0       0       0       0       0
      Locals:         0       0       0       0       0       0       0       0       0
      Temps:          0       0       1       0       0       0       0       0       0
      Totals:         0       0       5       0       0       0       0       0       0
Total ram usage:        5 bytes
 Hardware stack levels used:    1
 Hardware stack levels required when called:   16
 This function calls:
		_printf
 This function is called by:
		_initialize
 This function uses a non-reentrant model


 *************** function _D_UART_Init *****************
 Defined at:
		line 233 in file "Drivers/UART_Driver.c"
 Parameters:    Size  Location     Type
  name            2   14[BANK1 ] PTR const unsigned char 
		 -> STR_12(2), 
  baud            2   16[BANK1 ] unsigned int 
  interrupts      1   18[BANK1 ] unsigned char 
 Auto vars:     Size  Location     Type
		None
 Return value:  Size  Location     Type
                  1    wreg      void 
 Registers used:
		wreg, status,2, status,0, cstack
 Tracked objects:
		On entry : 
		On exit  : 
		Unchanged: 
 Data sizes:     COMRAM   BANK0   BANK1   BANK2   BANK3   BANK4   BANK5   BANK6   BANK7
      Params:         0       0       5       0       0       0       0       0       0
      Locals:         0       0       4       0       0       0       0       0       0
      Temps:          0       0       0       0       0       0       0       0       0
      Totals:         0       0       9       0       0       0       0       0       0
Total ram usage:        9 bytes
 Hardware stack levels used:    1
 Hardware stack levels required when called:   13
 This function calls:
		_D_UART_Enable
		___aldiv
 This function is called by:
		_initialize
 This function uses a non-reentrant model


 *************** function ___aldiv *****************
 Defined at:
		line 8 in file "/opt/microchip/xc8/v1.40/sources/common/aldiv.c"
 Parameters:    Size  Location     Type
  dividend        4    0[BANK1 ] long 
  divisor         4    4[BANK1 ] long 
 Auto vars:     Size  Location     Type
  quotient        4   10[BANK1 ] long 
  sign            1    9[BANK1 ] unsigned char 
  counter         1    8[BANK1 ] unsigned char 
 Return value:  Size  Location     Type
                  4    0[BANK1 ] long 
 Registers used:
		wreg, status,2, status,0
 Tracked objects:
		On entry : 
		On exit  : 
		Unchanged: 
 Data sizes:     COMRAM   BANK0   BANK1   BANK2   BANK3   BANK4   BANK5   BANK6   BANK7
      Params:         0       0       8       0       0       0       0       0       0
      Locals:         0       0       6       0       0       0       0       0       0
      Temps:          0       0       0       0       0       0       0       0       0
      Totals:         0       0      14       0       0       0       0       0       0
Total ram usage:       14 bytes
 Hardware stack levels used:    1
 Hardware stack levels required when called:   12
 This function calls:
		Nothing
 This function is called by:
		_D_UART_Init
 This function uses a non-reentrant model


 *************** function _D_PWM_Init *****************
 Defined at:
		line 257 in file "Drivers/PWM_Driver.c"
 Parameters:    Size  Location     Type
		None
 Auto vars:     Size  Location     Type
		None
 Return value:  Size  Location     Type
                  1    wreg      void 
 Registers used:
		wreg, status,2, status,0, cstack
 Tracked objects:
		On entry : 
		On exit  : 
		Unchanged: 
 Data sizes:     COMRAM   BANK0   BANK1   BANK2   BANK3   BANK4   BANK5   BANK6   BANK7
      Params:         0       0       0       0       0       0       0       0       0
      Locals:         0       0       0       0       0       0       0       0       0
      Temps:          0       0       0       0       0       0       0       0       0
      Totals:         0       0       0       0       0       0       0       0       0
Total ram usage:        0 bytes
 Hardware stack levels used:    1
 Hardware stack levels required when called:   14
 This function calls:
		_D_TIMER0_Enable
		_D_TIMER0_Init
 This function is called by:
		_initialize
 This function uses a non-reentrant model


 *************** function _D_TIMER0_Init *****************
 Defined at:
		line 30 in file "Drivers/TIMER0_Driver.c"
 Parameters:    Size  Location     Type
  prescale        1    wreg     unsigned char 
 Auto vars:     Size  Location     Type
  prescale        1    1[BANK1 ] unsigned char 
 Return value:  Size  Location     Type
                  1    wreg      void 
 Registers used:
		wreg, status,2, status,0, cstack
 Tracked objects:
		On entry : 
		On exit  : 
		Unchanged: 
 Data sizes:     COMRAM   BANK0   BANK1   BANK2   BANK3   BANK4   BANK5   BANK6   BANK7
      Params:         0       0       0       0       0       0       0       0       0
      Locals:         0       0       1       0       0       0       0       0       0
      Temps:          0       0       0       0       0       0       0       0       0
      Totals:         0       0       1       0       0       0       0       0       0
Total ram usage:        1 bytes
 Hardware stack levels used:    1
 Hardware stack levels required when called:   13
 This function calls:
		_D_TIMER0_Enable
 This function is called by:
		_D_PWM_Init
 This function uses a non-reentrant model


 *************** function _D_PWM_Enable *****************
 Defined at:
		line 281 in file "Drivers/PWM_Driver.c"
 Parameters:    Size  Location     Type
  enable          1    wreg     unsigned char 
 Auto vars:     Size  Location     Type
  enable          1    1[BANK1 ] unsigned char 
 Return value:  Size  Location     Type
                  1    wreg      void 
 Registers used:
		wreg, status,2, cstack
 Tracked objects:
		On entry : 
		On exit  : 
		Unchanged: 
 Data sizes:     COMRAM   BANK0   BANK1   BANK2   BANK3   BANK4   BANK5   BANK6   BANK7
      Params:         0       0       0       0       0       0       0       0       0
      Locals:         0       0       1       0       0       0       0       0       0
      Temps:          0       0       0       0       0       0       0       0       0
      Totals:         0       0       1       0       0       0       0       0       0
Total ram usage:        1 bytes
 Hardware stack levels used:    1
 Hardware stack levels required when called:   13
 This function calls:
		_D_TIMER0_Enable
 This function is called by:
		_initialize
 This function uses a non-reentrant model


 *************** function _D_TIMER0_Enable *****************
 Defined at:
		line 61 in file "Drivers/TIMER0_Driver.c"
 Parameters:    Size  Location     Type
  enable          1    wreg     unsigned char 
 Auto vars:     Size  Location     Type
  enable          1    0[BANK1 ] unsigned char 
 Return value:  Size  Location     Type
                  1    wreg      void 
 Registers used:
		wreg, status,2
 Tracked objects:
		On entry : 
		On exit  : 
		Unchanged: 
 Data sizes:     COMRAM   BANK0   BANK1   BANK2   BANK3   BANK4   BANK5   BANK6   BANK7
      Params:         0       0       0       0       0       0       0       0       0
      Locals:         0       0       1       0       0       0       0       0       0
      Temps:          0       0       0       0       0       0       0       0       0
      Totals:         0       0       1       0       0       0       0       0       0
Total ram usage:        1 bytes
 Hardware stack levels used:    1
 Hardware stack levels required when called:   12
 This function calls:
		Nothing
 This function is called by:
		_D_TIMER0_Init
		_D_PWM_Init
		_D_PWM_Enable
 This function uses a non-reentrant model


 *************** function _D_PORT_Init *****************
 Defined at:
		line 31 in file "Drivers/PORT_Driver.c"
 Parameters:    Size  Location     Type
		None
 Auto vars:     Size  Location     Type
		None
 Return value:  Size  Location     Type
                  1    wreg      void 
 Registers used:
		wreg, status,2
 Tracked objects:
		On entry : 
		On exit  : 
		Unchanged: 
 Data sizes:     COMRAM   BANK0   BANK1   BANK2   BANK3   BANK4   BANK5   BANK6   BANK7
      Params:         0       0       0       0       0       0       0       0       0
      Locals:         0       0       0       0       0       0       0       0       0
      Temps:          0       0       0       0       0       0       0       0       0
      Totals:         0       0       0       0       0       0       0       0       0
Total ram usage:        0 bytes
 Hardware stack levels used:    1
 Hardware stack levels required when called:   12
 This function calls:
		Nothing
 This function is called by:
		_initialize
 This function uses a non-reentrant model


 *************** function _handle_message *****************
 Defined at:
		line 90 in file "main.c"
 Parameters:    Size  Location     Type
  msg             6   33[BANK1 ] struct .
 Auto vars:     Size  Location     Type
		None
 Return value:  Size  Location     Type
                  1    wreg      void 
 Registers used:
		wreg, fsr2l, fsr2h, status,2, status,0, tblptrl, tblptrh, tblptru, prodl, prodh, cstack
 Tracked objects:
		On entry : 
		On exit  : 
		Unchanged: 
 Data sizes:     COMRAM   BANK0   BANK1   BANK2   BANK3   BANK4   BANK5   BANK6   BANK7
      Params:         0       0       6       0       0       0       0       0       0
      Locals:         0       0       0       0       0       0       0       0       0
      Temps:          0       0       1       0       0       0       0       0       0
      Totals:         0       0       7       0       0       0       0       0       0
Total ram usage:        7 bytes
 Hardware stack levels used:    1
 Hardware stack levels required when called:   17
 This function calls:
		_D_PWM_Fade
		_D_PWM_Flash
		_D_PWM_GetBlue
		_D_PWM_GetGreen
		_D_PWM_GetRed
		_D_PWM_GetScale
		_D_PWM_GetState
		_D_PWM_ScaleDown
		_D_PWM_ScaleUp
		_D_PWM_SetRGB
		_D_PWM_Smooth
		_D_PWM_Strobe
		_D_UART_WriteInt
		_strToInt
		_strcmp
 This function is called by:
		_main
 This function uses a non-reentrant model


 *************** function _strcmp *****************
 Defined at:
		line 33 in file "/opt/microchip/xc8/v1.40/sources/common/strcmp.c"
 Parameters:    Size  Location     Type
  s1              2    0[BANK1 ] PTR const unsigned char 
		 -> D_UART_ReadBlock@cm(17), D_UART_Read@cm(17), 
  s2              2    2[BANK1 ] PTR const unsigned char 
		 -> STR_31(4), STR_29(4), STR_25(4), STR_24(3), 
		 -> STR_23(3), STR_22(3), STR_21(3), STR_20(2), 
		 -> STR_19(2), STR_18(2), STR_17(2), STR_16(2), 
		 -> STR_15(2), 
 Auto vars:     Size  Location     Type
  r               1    5[BANK1 ] char 
 Return value:  Size  Location     Type
                  2    0[BANK1 ] int 
 Registers used:
		wreg, fsr2l, fsr2h, status,2, status,0, tblptrl, tblptrh, tblptru
 Tracked objects:
		On entry : 
		On exit  : 
		Unchanged: 
 Data sizes:     COMRAM   BANK0   BANK1   BANK2   BANK3   BANK4   BANK5   BANK6   BANK7
      Params:         0       0       4       0       0       0       0       0       0
      Locals:         0       0       1       0       0       0       0       0       0
      Temps:          0       0       1       0       0       0       0       0       0
      Totals:         0       0       6       0       0       0       0       0       0
Total ram usage:        6 bytes
 Hardware stack levels used:    1
 Hardware stack levels required when called:   12
 This function calls:
		Nothing
 This function is called by:
		_handle_message
 This function uses a non-reentrant model


 *************** function _strToInt *****************
 Defined at:
		line 160 in file "main.c"
 Parameters:    Size  Location     Type
  str             2    0[BANK1 ] PTR const unsigned char 
		 -> D_UART_ReadBlock@cm(17), D_UART_Read@cm(17), 
 Auto vars:     Size  Location     Type
  val             1    4[BANK1 ] unsigned char 
  shift           1    3[BANK1 ] unsigned char 
  tmp             1    2[BANK1 ] unsigned char 
 Return value:  Size  Location     Type
                  1    wreg      unsigned char 
 Registers used:
		wreg, fsr2l, fsr2h, status,2, status,0, prodl, prodh
 Tracked objects:
		On entry : 
		On exit  : 
		Unchanged: 
 Data sizes:     COMRAM   BANK0   BANK1   BANK2   BANK3   BANK4   BANK5   BANK6   BANK7
      Params:         0       0       2       0       0       0       0       0       0
      Locals:         0       0       3       0       0       0       0       0       0
      Temps:          0       0       0       0       0       0       0       0       0
      Totals:         0       0       5       0       0       0       0       0       0
Total ram usage:        5 bytes
 Hardware stack levels used:    1
 Hardware stack levels required when called:   12
 This function calls:
		Nothing
 This function is called by:
		_handle_message
 This function uses a non-reentrant model


 *************** function _D_UART_WriteInt *****************
 Defined at:
		line 285 in file "Drivers/UART_Driver.c"
 Parameters:    Size  Location     Type
  command         2   28[BANK1 ] PTR const unsigned char 
		 -> STR_32(4), STR_30(4), STR_28(2), STR_27(2), 
		 -> STR_26(2), 
  data            2   30[BANK1 ] int 
 Auto vars:     Size  Location     Type
		None
 Return value:  Size  Location     Type
                  1    wreg      void 
 Registers used:
		wreg, fsr2l, fsr2h, status,2, status,0, tblptrl, tblptrh, tblptru, prodl, prodh, cstack
 Tracked objects:
		On entry : 
		On exit  : 
		Unchanged: 
 Data sizes:     COMRAM   BANK0   BANK1   BANK2   BANK3   BANK4   BANK5   BANK6   BANK7
      Params:         0       0       4       0       0       0       0       0       0
      Locals:         0       0       0       0       0       0       0       0       0
      Temps:          0       0       1       0       0       0       0       0       0
      Totals:         0       0       5       0       0       0       0       0       0
Total ram usage:        5 bytes
 Hardware stack levels used:    1
 Hardware stack levels required when called:   16
 This function calls:
		_printf
 This function is called by:
		_handle_message
 This function uses a non-reentrant model


 *************** function _printf *****************
 Defined at:
		line 464 in file "/opt/microchip/xc8/v1.40/sources/common/doprnt.c"
 Parameters:    Size  Location     Type
  f               3   12[BANK1 ] PTR const unsigned char 
		 -> STR_32(4), STR_30(4), STR_28(2), STR_27(2), 
		 -> STR_26(2), STR_14(5), STR_13(2), STR_12(2), 
		 -> STR_11(3), STR_10(2), STR_9(2), STR_8(2), 
		 -> STR_7(2), STR_6(3), STR_5(4), STR_3(4), 
		 -> ROM(32767), STR_2(2), STR_1(2), 
 Auto vars:     Size  Location     Type
  idx             1   20[BANK1 ] unsigned char 
  tmpval          4    0        struct .
  cp              3    0        PTR const unsigned char 
  val             2   25[BANK1 ] unsigned int 
  ap              2   21[BANK1 ] PTR void [1]
		 -> ?i1_printf(2), ?_printf(2), 
  len             2    0        unsigned int 
  c               1   27[BANK1 ] char 
  flag            1   24[BANK1 ] unsigned char 
  prec            1   23[BANK1 ] char 
 Return value:  Size  Location     Type
                  2   12[BANK1 ] int 
 Registers used:
		wreg, fsr2l, fsr2h, status,2, status,0, tblptrl, tblptrh, tblptru, prodl, prodh, cstack
 Tracked objects:
		On entry : 
		On exit  : 
		Unchanged: 
 Data sizes:     COMRAM   BANK0   BANK1   BANK2   BANK3   BANK4   BANK5   BANK6   BANK7
      Params:         0       0       5       0       0       0       0       0       0
      Locals:         0       0       8       0       0       0       0       0       0
      Temps:          0       0       3       0       0       0       0       0       0
      Totals:         0       0      16       0       0       0       0       0       0
Total ram usage:       16 bytes
 Hardware stack levels used:    1
 Hardware stack levels required when called:   15
 This function calls:
		___lwdiv
		___lwmod
		_putch
 This function is called by:
		_D_UART_Write
		_D_UART_WriteInt
 This function uses a non-reentrant model


 *************** function _putch *****************
 Defined at:
		line 353 in file "Drivers/UART_Driver.c"
 Parameters:    Size  Location     Type
  data            1    wreg     unsigned char 
 Auto vars:     Size  Location     Type
  data            1    2[BANK1 ] unsigned char 
 Return value:  Size  Location     Type
                  1    wreg      void 
 Registers used:
		wreg, status,2, cstack
 Tracked objects:
		On entry : 
		On exit  : 
		Unchanged: 
 Data sizes:     COMRAM   BANK0   BANK1   BANK2   BANK3   BANK4   BANK5   BANK6   BANK7
      Params:         0       0       0       0       0       0       0       0       0
      Locals:         0       0       1       0       0       0       0       0       0
      Temps:          0       0       0       0       0       0       0       0       0
      Totals:         0       0       1       0       0       0       0       0       0
Total ram usage:        1 bytes
 Hardware stack levels used:    1
 Hardware stack levels required when called:   14
 This function calls:
		_writeByte
 This function is called by:
		_printf
 This function uses a non-reentrant model


 *************** function _writeByte *****************
 Defined at:
		line 84 in file "Drivers/UART_Driver.c"
 Parameters:    Size  Location     Type
  data            1    wreg     unsigned char 
 Auto vars:     Size  Location     Type
  data            1    1[BANK1 ] unsigned char 
 Return value:  Size  Location     Type
                  1    wreg      void 
 Registers used:
		wreg, status,2, cstack
 Tracked objects:
		On entry : 
		On exit  : 
		Unchanged: 
 Data sizes:     COMRAM   BANK0   BANK1   BANK2   BANK3   BANK4   BANK5   BANK6   BANK7
      Params:         0       0       0       0       0       0       0       0       0
      Locals:         0       0       1       0       0       0       0       0       0
      Temps:          0       0       0       0       0       0       0       0       0
      Totals:         0       0       1       0       0       0       0       0       0
Total ram usage:        1 bytes
 Hardware stack levels used:    1
 Hardware stack levels required when called:   13
 This function calls:
		_D_UART_Enable
 This function is called by:
		_putch
 This function uses a non-reentrant model


 *************** function _D_UART_Enable *****************
 Defined at:
		line 319 in file "Drivers/UART_Driver.c"
 Parameters:    Size  Location     Type
  enable          1    wreg     unsigned char 
 Auto vars:     Size  Location     Type
  enable          1    0[BANK1 ] unsigned char 
 Return value:  Size  Location     Type
                  1    wreg      void 
 Registers used:
		wreg, status,2
 Tracked objects:
		On entry : 
		On exit  : 
		Unchanged: 
 Data sizes:     COMRAM   BANK0   BANK1   BANK2   BANK3   BANK4   BANK5   BANK6   BANK7
      Params:         0       0       0       0       0       0       0       0       0
      Locals:         0       0       1       0       0       0       0       0       0
      Temps:          0       0       0       0       0       0       0       0       0
      Totals:         0       0       1       0       0       0       0       0       0
Total ram usage:        1 bytes
 Hardware stack levels used:    1
 Hardware stack levels required when called:   12
 This function calls:
		Nothing
 This function is called by:
		_writeByte
		_D_UART_Init
		_initialize
 This function uses a non-reentrant model


 *************** function ___lwmod *****************
 Defined at:
		line 8 in file "/opt/microchip/xc8/v1.40/sources/common/lwmod.c"
 Parameters:    Size  Location     Type
  dividend        2    7[BANK1 ] unsigned int 
  divisor         2    9[BANK1 ] unsigned int 
 Auto vars:     Size  Location     Type
  counter         1   11[BANK1 ] unsigned char 
 Return value:  Size  Location     Type
                  2    7[BANK1 ] unsigned int 
 Registers used:
		wreg, status,2, status,0
 Tracked objects:
		On entry : 
		On exit  : 
		Unchanged: 
 Data sizes:     COMRAM   BANK0   BANK1   BANK2   BANK3   BANK4   BANK5   BANK6   BANK7
      Params:         0       0       4       0       0       0       0       0       0
      Locals:         0       0       1       0       0       0       0       0       0
      Temps:          0       0       0       0       0       0       0       0       0
      Totals:         0       0       5       0       0       0       0       0       0
Total ram usage:        5 bytes
 Hardware stack levels used:    1
 Hardware stack levels required when called:   12
 This function calls:
		Nothing
 This function is called by:
		_printf
 This function uses a non-reentrant model


 *************** function ___lwdiv *****************
 Defined at:
		line 8 in file "/opt/microchip/xc8/v1.40/sources/common/lwdiv.c"
 Parameters:    Size  Location     Type
  dividend        2    0[BANK1 ] unsigned int 
  divisor         2    2[BANK1 ] unsigned int 
 Auto vars:     Size  Location     Type
  quotient        2    5[BANK1 ] unsigned int 
  counter         1    4[BANK1 ] unsigned char 
 Return value:  Size  Location     Type
                  2    0[BANK1 ] unsigned int 
 Registers used:
		wreg, status,2, status,0
 Tracked objects:
		On entry : 
		On exit  : 
		Unchanged: 
 Data sizes:     COMRAM   BANK0   BANK1   BANK2   BANK3   BANK4   BANK5   BANK6   BANK7
      Params:         0       0       4       0       0       0       0       0       0
      Locals:         0       0       3       0       0       0       0       0       0
      Temps:          0       0       0       0       0       0       0       0       0
      Totals:         0       0       7       0       0       0       0       0       0
Total ram usage:        7 bytes
 Hardware stack levels used:    1
 Hardware stack levels required when called:   12
 This function calls:
		Nothing
 This function is called by:
		_printf
 This function uses a non-reentrant model


 *************** function _D_PWM_Strobe *****************
 Defined at:
		line 342 in file "Drivers/PWM_Driver.c"
 Parameters:    Size  Location     Type
		None
 Auto vars:     Size  Location     Type
		None
 Return value:  Size  Location     Type
                  1    wreg      void 
 Registers used:
		wreg, status,2
 Tracked objects:
		On entry : 
		On exit  : 
		Unchanged: 
 Data sizes:     COMRAM   BANK0   BANK1   BANK2   BANK3   BANK4   BANK5   BANK6   BANK7
      Params:         0       0       0       0       0       0       0       0       0
      Locals:         0       0       0       0       0       0       0       0       0
      Temps:          0       0       0       0       0       0       0       0       0
      Totals:         0       0       0       0       0       0       0       0       0
Total ram usage:        0 bytes
 Hardware stack levels used:    1
 Hardware stack levels required when called:   12
 This function calls:
		Nothing
 This function is called by:
		_handle_message
 This function uses a non-reentrant model


 *************** function _D_PWM_Smooth *****************
 Defined at:
		line 350 in file "Drivers/PWM_Driver.c"
 Parameters:    Size  Location     Type
		None
 Auto vars:     Size  Location     Type
		None
 Return value:  Size  Location     Type
                  1    wreg      void 
 Registers used:
		wreg, status,2
 Tracked objects:
		On entry : 
		On exit  : 
		Unchanged: 
 Data sizes:     COMRAM   BANK0   BANK1   BANK2   BANK3   BANK4   BANK5   BANK6   BANK7
      Params:         0       0       0       0       0       0       0       0       0
      Locals:         0       0       0       0       0       0       0       0       0
      Temps:          0       0       0       0       0       0       0       0       0
      Totals:         0       0       0       0       0       0       0       0       0
Total ram usage:        0 bytes
 Hardware stack levels used:    1
 Hardware stack levels required when called:   12
 This function calls:
		Nothing
 This function is called by:
		_handle_message
 This function uses a non-reentrant model


 *************** function _D_PWM_SetRGB *****************
 Defined at:
		line 301 in file "Drivers/PWM_Driver.c"
 Parameters:    Size  Location     Type
  r               1    wreg     unsigned char 
[...]
 Hardware stack levels used:    1
 Hardware stack levels required when called:    8
 This function calls:
		i1___lwdiv
		i1___lwmod
		i1_putch
 This function is called by:
		_acknowledge
 This function uses a non-reentrant model


 *************** function i1_putch *****************
 Defined at:
		line 353 in file "Drivers/UART_Driver.c"
 Parameters:    Size  Location     Type
  data            1    wreg     unsigned char 
 Auto vars:     Size  Location     Type
  data            1   27[COMRAM] unsigned char 
 Return value:  Size  Location     Type
                  1    wreg      void 
 Registers used:
		wreg, status,2, cstack
 Tracked objects:
		On entry : 
		On exit  : 
		Unchanged: 
 Data sizes:     COMRAM   BANK0   BANK1   BANK2   BANK3   BANK4   BANK5   BANK6   BANK7
      Params:         0       0       0       0       0       0       0       0       0
      Locals:         1       0       0       0       0       0       0       0       0
      Temps:          0       0       0       0       0       0       0       0       0
      Totals:         1       0       0       0       0       0       0       0       0
Total ram usage:        1 bytes
 Hardware stack levels used:    1
 Hardware stack levels required when called:    7
 This function calls:
		i1_writeByte
 This function is called by:
		i1_printf
 This function uses a non-reentrant model


 *************** function i1_writeByte *****************
 Defined at:
		line 84 in file "Drivers/UART_Driver.c"
 Parameters:    Size  Location     Type
  data            1    wreg     unsigned char 
 Auto vars:     Size  Location     Type
  data            1   26[COMRAM] unsigned char 
 Return value:  Size  Location     Type
                  1    wreg      void 
 Registers used:
		wreg, status,2, cstack
 Tracked objects:
		On entry : 
		On exit  : 
		Unchanged: 
 Data sizes:     COMRAM   BANK0   BANK1   BANK2   BANK3   BANK4   BANK5   BANK6   BANK7
      Params:         0       0       0       0       0       0       0       0       0
      Locals:         1       0       0       0       0       0       0       0       0
      Temps:          0       0       0       0       0       0       0       0       0
      Totals:         1       0       0       0       0       0       0       0       0
Total ram usage:        1 bytes
 Hardware stack levels used:    1
 Hardware stack levels required when called:    6
 This function calls:
		i1_D_UART_Enable
 This function is called by:
		i1_putch
 This function uses a non-reentrant model


 *************** function i1_D_UART_Enable *****************
 Defined at:
		line 319 in file "Drivers/UART_Driver.c"
 Parameters:    Size  Location     Type
  enable          1    wreg     unsigned char 
 Auto vars:     Size  Location     Type
  enable          1   25[COMRAM] unsigned char 
 Return value:  Size  Location     Type
                  1    wreg      void 
 Registers used:
		wreg, status,2
 Tracked objects:
		On entry : 
		On exit  : 
		Unchanged: 
 Data sizes:     COMRAM   BANK0   BANK1   BANK2   BANK3   BANK4   BANK5   BANK6   BANK7
      Params:         0       0       0       0       0       0       0       0       0
      Locals:         1       0       0       0       0       0       0       0       0
      Temps:          0       0       0       0       0       0       0       0       0
      Totals:         1       0       0       0       0       0       0       0       0
Total ram usage:        1 bytes
 Hardware stack levels used:    1
 Hardware stack levels required when called:    5
 This function calls:
		Nothing
 This function is called by:
		_readByte
		i1_writeByte
 This function uses a non-reentrant model


 *************** function i1___lwmod *****************
 Defined at:
		line 8 in file "/opt/microchip/xc8/v1.40/sources/common/lwmod.c"
 Parameters:    Size  Location     Type
  dividend        2   32[COMRAM] unsigned int 
  divisor         2   34[COMRAM] unsigned int 
 Auto vars:     Size  Location     Type
  __lwmod         1    0[BANK0 ] unsigned char 
 Return value:  Size  Location     Type
                  2   32[COMRAM] unsigned int 
 Registers used:
		wreg, status,2, status,0
 Tracked objects:
		On entry : 
		On exit  : 
		Unchanged: 
 Data sizes:     COMRAM   BANK0   BANK1   BANK2   BANK3   BANK4   BANK5   BANK6   BANK7
      Params:         4       0       0       0       0       0       0       0       0
      Locals:         0       1       0       0       0       0       0       0       0
      Temps:          0       0       0       0       0       0       0       0       0
      Totals:         4       1       0       0       0       0       0       0       0
Total ram usage:        5 bytes
 Hardware stack levels used:    1
 Hardware stack levels required when called:    5
 This function calls:
		Nothing
 This function is called by:
		i1_printf
 This function uses a non-reentrant model


 *************** function i1___lwdiv *****************
 Defined at:
		line 8 in file "/opt/microchip/xc8/v1.40/sources/common/lwdiv.c"
 Parameters:    Size  Location     Type
  dividend        2   25[COMRAM] unsigned int 
  divisor         2   27[COMRAM] unsigned int 
 Auto vars:     Size  Location     Type
  __lwdiv         2   30[COMRAM] unsigned int 
  __lwdiv         1   29[COMRAM] unsigned char 
 Return value:  Size  Location     Type
                  2   25[COMRAM] unsigned int 
 Registers used:
		wreg, status,2, status,0
 Tracked objects:
		On entry : 
		On exit  : 
		Unchanged: 
 Data sizes:     COMRAM   BANK0   BANK1   BANK2   BANK3   BANK4   BANK5   BANK6   BANK7
      Params:         4       0       0       0       0       0       0       0       0
      Locals:         3       0       0       0       0       0       0       0       0
      Temps:          0       0       0       0       0       0       0       0       0
      Totals:         7       0       0       0       0       0       0       0       0
Total ram usage:        7 bytes
 Hardware stack levels used:    1
 Hardware stack levels required when called:    5
 This function calls:
		Nothing
 This function is called by:
		i1_printf
 This function uses a non-reentrant model


 *************** function _HighISR *****************
 Defined at:
		line 357 in file "Drivers/PWM_Driver.c"
 Parameters:    Size  Location     Type
		None
 Auto vars:     Size  Location     Type
		None
 Return value:  Size  Location     Type
                  1    wreg      void 
 Registers used:
		wreg, status,2, status,0, cstack
 Tracked objects:
		On entry : 
		On exit  : 
		Unchanged: 
 Data sizes:     COMRAM   BANK0   BANK1   BANK2   BANK3   BANK4   BANK5   BANK6   BANK7
      Params:         0       0       0       0       0       0       0       0       0
      Locals:         0       0       0       0       0       0       0       0       0
      Temps:         14       0       0       0       0       0       0       0       0
      Totals:        14       0       0       0       0       0       0       0       0
Total ram usage:       14 bytes
 Hardware stack levels used:    1
 Hardware stack levels required when called:    4
 This function calls:
		_handleState
 This function is called by:
		Interrupt level 2
 This function uses a non-reentrant model


 *************** function _handleState *****************
 Defined at:
		line 212 in file "Drivers/PWM_Driver.c"
 Parameters:    Size  Location     Type
		None
 Auto vars:     Size  Location     Type
		None
 Return value:  Size  Location     Type
                  1    wreg      void 
 Registers used:
		wreg, status,2, status,0, cstack
 Tracked objects:
		On entry : 
		On exit  : 
		Unchanged: 
 Data sizes:     COMRAM   BANK0   BANK1   BANK2   BANK3   BANK4   BANK5   BANK6   BANK7
      Params:         0       0       0       0       0       0       0       0       0
      Locals:         0       0       0       0       0       0       0       0       0
      Temps:          0       0       0       0       0       0       0       0       0
      Totals:         0       0       0       0       0       0       0       0       0
Total ram usage:        0 bytes
 Hardware stack levels used:    1
 Hardware stack levels required when called:    3
 This function calls:
		_fade
		_flash
		_pwmColors
		_smooth
		_strobe
 This function is called by:
		_HighISR
 This function uses a non-reentrant model


 *************** function _strobe *****************
 Defined at:
		line 103 in file "Drivers/PWM_Driver.c"
 Parameters:    Size  Location     Type
		None
 Auto vars:     Size  Location     Type
		None
 Return value:  Size  Location     Type
                  1    wreg      void 
 Registers used:
		wreg, status,2, status,0, cstack
 Tracked objects:
		On entry : 
		On exit  : 
		Unchanged: 
 Data sizes:     COMRAM   BANK0   BANK1   BANK2   BANK3   BANK4   BANK5   BANK6   BANK7
      Params:         0       0       0       0       0       0       0       0       0
      Locals:         0       0       0       0       0       0       0       0       0
      Temps:          0       0       0       0       0       0       0       0       0
      Totals:         0       0       0       0       0       0       0       0       0
Total ram usage:        0 bytes
 Hardware stack levels used:    1
 Hardware stack levels required when called:    2
 This function calls:
		i2_setRGB
 This function is called by:
		_handleState
 This function uses a non-reentrant model


 *************** function _smooth *****************
 Defined at:
		line 173 in file "Drivers/PWM_Driver.c"
 Parameters:    Size  Location     Type
		None
 Auto vars:     Size  Location     Type
		None
 Return value:  Size  Location     Type
                  1    wreg      void 
 Registers used:
		wreg, status,2, status,0, cstack
 Tracked objects:
		On entry : 
		On exit  : 
		Unchanged: 
 Data sizes:     COMRAM   BANK0   BANK1   BANK2   BANK3   BANK4   BANK5   BANK6   BANK7
      Params:         0       0       0       0       0       0       0       0       0
      Locals:         0       0       0       0       0       0       0       0       0
      Temps:          6       0       0       0       0       0       0       0       0
      Totals:         6       0       0       0       0       0       0       0       0
Total ram usage:        6 bytes
 Hardware stack levels used:    1
 Hardware stack levels required when called:    2
 This function calls:
		i2_setRGB
 This function is called by:
		_handleState
 This function uses a non-reentrant model


 *************** function _pwmColors *****************
 Defined at:
		line 46 in file "Drivers/PWM_Driver.c"
 Parameters:    Size  Location     Type
  birghtness      1    wreg     unsigned char 
 Auto vars:     Size  Location     Type
  birghtness      1    2[COMRAM] unsigned char 
 Return value:  Size  Location     Type
                  1    wreg      void 
 Registers used:
		wreg, status,2, status,0
 Tracked objects:
		On entry : 
		On exit  : 
		Unchanged: 
 Data sizes:     COMRAM   BANK0   BANK1   BANK2   BANK3   BANK4   BANK5   BANK6   BANK7
      Params:         0       0       0       0       0       0       0       0       0
      Locals:         1       0       0       0       0       0       0       0       0
      Temps:          2       0       0       0       0       0       0       0       0
      Totals:         3       0       0       0       0       0       0       0       0
Total ram usage:        3 bytes
 Hardware stack levels used:    1
 This function calls:
		Nothing
 This function is called by:
		_handleState
 This function uses a non-reentrant model


 *************** function _flash *****************
 Defined at:
		line 72 in file "Drivers/PWM_Driver.c"
 Parameters:    Size  Location     Type
		None
 Auto vars:     Size  Location     Type
		None
 Return value:  Size  Location     Type
                  1    wreg      void 
 Registers used:
		wreg, status,2, status,0, cstack
 Tracked objects:
		On entry : 
		On exit  : 
		Unchanged: 
 Data sizes:     COMRAM   BANK0   BANK1   BANK2   BANK3   BANK4   BANK5   BANK6   BANK7
      Params:         0       0       0       0       0       0       0       0       0
      Locals:         0       0       0       0       0       0       0       0       0
      Temps:          6       0       0       0       0       0       0       0       0
      Totals:         6       0       0       0       0       0       0       0       0
Total ram usage:        6 bytes
 Hardware stack levels used:    1
 Hardware stack levels required when called:    2
 This function calls:
		i2_setRGB
 This function is called by:
		_handleState
 This function uses a non-reentrant model


 *************** function _fade *****************
 Defined at:
		line 123 in file "Drivers/PWM_Driver.c"
 Parameters:    Size  Location     Type
		None
 Auto vars:     Size  Location     Type
		None
 Return value:  Size  Location     Type
                  1    wreg      void 
 Registers used:
		wreg, status,2, status,0, cstack
 Tracked objects:
		On entry : 
		On exit  : 
		Unchanged: 
 Data sizes:     COMRAM   BANK0   BANK1   BANK2   BANK3   BANK4   BANK5   BANK6   BANK7
      Params:         0       0       0       0       0       0       0       0       0
      Locals:         0       0       0       0       0       0       0       0       0
      Temps:          0       0       0       0       0       0       0       0       0
      Totals:         0       0       0       0       0       0       0       0       0
Total ram usage:        0 bytes
 Hardware stack levels used:    1
 Hardware stack levels required when called:    2
 This function calls:
		i2_setRGB
 This function is called by:
		_handleState
 This function uses a non-reentrant model


 *************** function i2_setRGB *****************
 Defined at:
		line 40 in file "Drivers/PWM_Driver.c"
 Parameters:    Size  Location     Type
  r               1    wreg     unsigned char 
  g               1    2[COMRAM] unsigned char 
  b               1    3[COMRAM] unsigned char 
 Auto vars:     Size  Location     Type
  r               1    4[COMRAM] unsigned char 
 Return value:  Size  Location     Type
                  1    wreg      void 
 Registers used:
		wreg, status,2, status,0, cstack
 Tracked objects:
		On entry : 
		On exit  : 
		Unchanged: 
 Data sizes:     COMRAM   BANK0   BANK1   BANK2   BANK3   BANK4   BANK5   BANK6   BANK7
      Params:         2       0       0       0       0       0       0       0       0
      Locals:         1       0       0       0       0       0       0       0       0
      Temps:          0       0       0       0       0       0       0       0       0
      Totals:         3       0       0       0       0       0       0       0       0
Total ram usage:        3 bytes
 Hardware stack levels used:    1
 Hardware stack levels required when called:    1
 This function calls:
		i2_D_PWM_SetDuty
 This function is called by:
		_flash
		_strobe
		_fade
		_smooth
 This function uses a non-reentrant model


 *************** function i2_D_PWM_SetDuty *****************
 Defined at:
		line 285 in file "Drivers/PWM_Driver.c"
 Parameters:    Size  Location     Type
  which           1    wreg     unsigned char 
  duty            1    0[COMRAM] unsigned char 
 Auto vars:     Size  Location     Type
  which           1    1[COMRAM] unsigned char 
 Return value:  Size  Location     Type
                  1    wreg      void 
 Registers used:
		wreg, status,2, status,0
 Tracked objects:
		On entry : 
		On exit  : 
		Unchanged: 
 Data sizes:     COMRAM   BANK0   BANK1   BANK2   BANK3   BANK4   BANK5   BANK6   BANK7
      Params:         1       0       0       0       0       0       0       0       0
      Locals:         1       0       0       0       0       0       0       0       0
      Temps:          0       0       0       0       0       0       0       0       0
      Totals:         2       0       0       0       0       0       0       0       0
Total ram usage:        2 bytes
 Hardware stack levels used:    1
 This function calls:
		Nothing
 This function is called by:
		i2_setRGB
 This function uses a non-reentrant model



MODULE INFORMATION

Module		Function		Class		Link	Load	Size
Drivers/PORT_Driver.c
		_D_PORT_Init   		CODE           	20E0	0000	31

Drivers/PORT_Driver.c estimated size: 31

Drivers/UART_Driver.c
		_readByte      		CODE           	2008	0000	43
		_D_UART_WriteInt		CODE           	143A	0000	225
		_D_UART_BlockLength		CODE           	21AC	0000	7
		_LowISR        		CODE           	0018	0000	157
		_putch         		CODE           	214C	0000	15
		_D_UART_Read   		CODE           	1EAC	0000	75
		_D_UART_Init   		CODE           	16C6	0000	171
		_fillDataBuffer		CODE           	0B84	0000	719
		_D_UART_Write  		CODE           	15F2	0000	213
		_D_UART_ReadBlock		CODE           	1DA6	0000	93
		_D_UART_Enable 		CODE           	2032	0000	39
		_writeByte     		CODE           	2118	0000	21
		_acknowledge   		CODE           	1B48	0000	111

Drivers/UART_Driver.c estimated size: 1889

/opt/microchip/xc8/v1.40/sources/common/lwmod.c
		___lwmod       		CODE           	1C88	0000	99

/opt/microchip/xc8/v1.40/sources/common/lwmod.c estimated size: 99

Drivers/TIMER0_Driver.c
		_D_TIMER0_Init 		CODE           	1818	0000	161
		_D_TIMER0_Enable		CODE           	207C	0000	35

Drivers/TIMER0_Driver.c estimated size: 196

shared
		i1_printf      		CODE           	10BC	0000	613
		i2_D_PWM_SetDuty		CODE           	1FDC	0000	45
		i1_writeByte   		CODE           	212C	0000	19
		i1_putch       		CODE           	2178	0000	11
		i1___lwdiv     		CODE           	1E5A	0000	83
		_dpowers       		SMALLCONST     	0801	0000	11
		i2_setRGB      		CODE           	209E	0000	35
		i1___lwmod     		CODE           	1EF6	0000	73
		__initialization		CODE           	1CEA	0000	81
		_hexpowers     		SMALLCONST     	080B	0000	9
		i1_D_UART_Enable		CODE           	20C0	0000	33

shared estimated size: 1013

/opt/microchip/xc8/v1.40/sources/common/strcmp.c
		_strcmp        		CODE           	1E02	0000	89

/opt/microchip/xc8/v1.40/sources/common/strcmp.c estimated size: 89

Drivers/PWM_Driver.c
		_handleState   		CODE           	1BB6	0000	111
		_D_PWM_Enable  		CODE           	213E	0000	15
		_fade          		CODE           	1A54	0000	125
		_D_PWM_ScaleDown		CODE           	216E	0000	11
		_setRGB        		CODE           	2058	0000	37
		_flash         		CODE           	1770	0000	169
		_D_PWM_GetRed  		CODE           	218E	0000	7
		_D_PWM_GetBlue 		CODE           	219A	0000	7
		_smooth        		CODE           	151A	0000	217
		_D_PWM_GetScale		CODE           	21B6	0000	5
		_D_PWM_GetState		CODE           	21B2	0000	5
		_D_PWM_GetGreen		CODE           	2194	0000	7
		_D_PWM_SetRGB  		CODE           	20FE	0000	27
		_strobe        		CODE           	1F78	0000	53
		_D_PWM_Strobe  		CODE           	2182	0000	7
		_D_PWM_Smooth  		CODE           	2188	0000	7
		_D_PWM_Fade    		CODE           	21A6	0000	7
		_D_PWM_Flash   		CODE           	21A0	0000	7
		_pwmColors     		CODE           	19D8	0000	125
		_D_PWM_ScaleUp 		CODE           	2164	0000	11
		_D_PWM_Init    		CODE           	1F3E	0000	59
		_D_PWM_SetDuty 		CODE           	1FAC	0000	49
		_HighISR       		CODE           	0008	0000	143

Drivers/PWM_Driver.c estimated size: 1211

/opt/microchip/xc8/v1.40/sources/common/doprnt.c
		_printf        		CODE           	0E52	0000	619

/opt/microchip/xc8/v1.40/sources/common/doprnt.c estimated size: 619

/opt/microchip/xc8/v1.40/sources/common/lwdiv.c
		___lwdiv       		CODE           	1AD0	0000	121

/opt/microchip/xc8/v1.40/sources/common/lwdiv.c estimated size: 121

main.c
		_main          		CODE           	18B8	0000	153
		_handle_message		CODE           	0868	0000	797
		_initialize    		CODE           	1C24	0000	101
		_strToInt      		CODE           	1D48	0000	95

main.c estimated size: 1146

/opt/microchip/xc8/v1.40/sources/common/aldiv.c
		___aldiv       		CODE           	1320	0000	283

/opt/microchip/xc8/v1.40/sources/common/aldiv.c estimated size: 283

